******************************************************************************
                  TI ARM Linker PC v5.2.5                      
******************************************************************************
>> Linked Wed Aug 17 16:37:26 2016

OUTPUT FILE NAME:   <TFalconBLEStackVer1.out>
ENTRY POINT SYMBOL: "startup_entry"  address: 0000d001


MEMORY CONFIGURATION

         name            origin    length      used     unused   attr    fill
----------------------  --------  ---------  --------  --------  ----  --------
  FLASH                 0000d000   00012000  000119b2  0000064e  R  X
  SRAM                  2000445c   0000048b  0000045f  0000002c  RW X
  $BOUND$0x20004fec     20004fec   00000010  00000010  00000000  R IX


SEGMENT ALLOCATION MAP

run origin  load origin   length   init length attrs members
----------  ----------- ---------- ----------- ----- -------
0000d000    0000d000    0000f9b8   0000f9b8    r-x
  0000d000    0000d000    0000002c   0000002c    r-x EntrySection
  0000d02c    0000d02c    0000efdc   0000efdc    r-x .text
  0001c008    0001c008    00000794   00000794    r-- .const
  0001c79c    0001c79c    0000006e   0000006e    r-- .rodata
  0001c810    0001c810    000001a8   000001a8    r-- .cinit
0001d000    0001d000    00002000   00002000    r--
  0001d000    0001d000    00002000   00002000    r-- .TI.bound:SNV_FLASH
2000445c    2000445c    00000462   00000000    rw-
  2000445c    2000445c    000002dd   00000000    rw- .data
  2000473c    2000473c    00000182   00000000    rw- .bss
20004fec    20004fec    00000010   00000000    rw-
  20004fec    20004fec    00000010   00000000    rw- .TI.bound:mbIntCbackTable


SECTION ALLOCATION MAP

 output                                  attributes/
section   page    origin      length       input sections
--------  ----  ----------  ----------   ----------------
EntrySection 
*          0    0000d000    0000002c     
                  0000d000    0000002c     ICall_startup.obj (EntrySection)

.text      0    0000d02c    0000efdc     
                  0000d02c    000010c0     CC2650Stack.a : ll_common_PATCH.o (.text)
                  0000e0ec    00001060                   : ll_PATCH.o (.text)
                  0000f14c    00001044                   : gattservapp.o (.text)
                  00010190    00000ed4                   : l2cap_util.o (.text)
                  00011064    00000a4c                   : gatt_server.o (.text)
                  00011ab0    0000093e                   : ll_slaveEndCauses_PATCH.o (.text)
                  000123ee    00000002     hal_assert.obj (.text)
                  000123f0    000008f8     bleDispatch.obj (.text)
                  00012ce8    000008dc     CC2650Stack.a : gap_linkmgr.o (.text)
                  000135c4    00000798     OSAL.obj (.text)
                  00013d5c    0000075c     CC2650Stack.a : sm_pairing.o (.text)
                  000144b8    00000708                   : sm_mgr.o (.text)
                  00014bc0    000006d4                   : ll_sleep.o (.text)
                  00015294    000006a4                   : ll_config.o (.text)
                  00015938    0000069c                   : gap_peridevmgr.o (.text)
                  00015fd4    000005b0                   : att_util.o (.text)
                  00016584    0000057e                   : ble_PATCH.o (.text)
                  00016b02    00000002     --HOLE-- [fill = 0]
                  00016b04    00000558                   : sm_rsppairing.o (.text)
                  0001705c    00000530                   : l2cap_task.o (.text)
                  0001758c    000004bc     osal_snv_wrapper.obj (.text)
                  00017a48    000004b0     CC2650Stack.a : ll_isr.o (.text)
                  00017ef8    00000432                   : ll_advEndCauses_PATCH.o (.text)
                  0001832a    00000002     --HOLE-- [fill = 0]
                  0001832c    000003fc                   : l2cap_if.o (.text)
                  00018728    000003dc                   : hci_event_PATCH.o (.text)
                  00018b04    0000039a                   : smp.o (.text)
                  00018e9e    00000002     --HOLE-- [fill = 0]
                  00018ea0    0000037c                   : hci_PATCH.o (.text)
                  0001921c    00000008     ble_rom_PATCH.symbols (.tramp.HCI_CommandCompleteEvent.1)
                  00019224    00000008     ble_rom_PATCH.symbols (.tramp.HCI_CommandStatusEvent.1)
                  0001922c    00000008     ble_rom_PATCH.symbols (.tramp.LL_EXT_ResetSystem.1)
                  00019234    00000008     ble_rom_PATCH.symbols (.tramp.LL_ReadLocalVersionInfo.1)
                  0001923c    0000036c     mb_PATCH.obj (.text)
                  000195a8    00000358     CC2650Stack.a : gap_configmgr.o (.text)
                  00019900    00000008     ble_rom_PATCH.symbols (.tramp.HCI_LE_SetRandomAddressCmd.1)
                  00019908    00000308     CC2650Stack.a : gapgattserver.o (.text)
                  00019c10    000002fc                   : gatt_task.o (.text)
                  00019f0c    00000294                   : linkdb.o (.text)
                  0001a1a0    0000028c                   : gap_task.o (.text)
                  0001a42c    00000248     OSAL_Timers.obj (.text)
                  0001a674    000001f8     osal_cbtimer.obj (.text)
                  0001a86c    000001f4     rtsv7M3_T_le_eabi.lib : ull_div_t2.obj (.text)
                  0001aa60    000001ec     CC2650Stack.a : att_server.o (.text)
                  0001ac4c    0000013e                   : gatt_uuid.o (.text)
                  0001ad8a    00000002     --HOLE-- [fill = 0]
                  0001ad8c    00000138                   : ll_scheduler_PATCH.o (.text)
                  0001aec4    0000010c                   : gap_perilinkmgr.o (.text)
                  0001afd0    0000010c     OSAL_ICallBle.obj (.text)
                  0001b0dc    00000104     CC2650Stack.a : sm_task.o (.text)
                  0001b1e0    000000d8     gattservapp_util.obj (.text)
                  0001b2b8    000000c8     osal_bufmgr.obj (.text)
                  0001b380    000000a8     CC2650Stack.a : hci_data_PATCH.o (.text)
                  0001b428    00000008     ble_rom_PATCH.symbols (.tramp.LL_CtrlToHostFlowControl.1)
                  0001b430    000000a8     CC2650Stack_HCI_TL.a : hci_tl.o (.text)
                  0001b4d8    0000009c     rtsv7M3_T_le_eabi.lib : memcpy_t2.obj (.text)
                  0001b574    00000090     OSAL_PwrMgr.obj (.text)
                  0001b604    00000082     CC2650Stack.a : gap_devmgr.o (.text)
                  0001b686    0000007a     rtsv7M3_T_le_eabi.lib : memset_t2.obj (.text)
                  0001b700    00000078     driverlib.lib : interrupt.obj (.text:NOROM_IntDisable)
                  0001b778    00000078                   : interrupt.obj (.text:NOROM_IntEnable)
                  0001b7f0    0000006c     rtsv7M3_T_le_eabi.lib : autoinit.obj (.text)
                  0001b85c    0000006a                           : copy_decompress_rle.obj (.text)
                  0001b8c6    00000002     --HOLE-- [fill = 0]
                  0001b8c8    00000068     OSAL_Clock.obj (.text)
                  0001b930    00000068     ROM_Init.obj (.text)
                  0001b998    00000064     hal_trng_wrapper.obj (.text)
                  0001b9fc    00000054     bleUserConfig.obj (.text)
                  0001ba50    00000054     hal_flash_wrapper.obj (.text)
                  0001baa4    0000004c     rtsv7M3_T_le_eabi.lib : cpy_tbl.obj (.text)
                  0001baf0    00000048     OSAL_MemoryICall.obj (.text)
                  0001bb38    0000003e     gap.obj (.text)
                  0001bb76    00000002     --HOLE-- [fill = 0]
                  0001bb78    00000030     CommonROM_Init.obj (.text)
                  0001bba8    00000026     driverlib.lib : trng.obj (.text:NOROM_TRNGConfigure)
                  0001bbce    0000001e                   : flash.obj (.text:NOROM_FlashProgram)
                  0001bbec    0000001e                   : flash.obj (.text:NOROM_FlashSectorErase)
                  0001bc0a    00000018     rtsv7M3_T_le_eabi.lib : ll_mul_t2.obj (.text)
                  0001bc22    00000016     driverlib.lib : vims.obj (.text:NOROM_VIMSModeGet)
                  0001bc38    00000014     rtsv7M3_T_le_eabi.lib : strlen.obj (.text)
                  0001bc4c    00000012     OnBoard.obj (.text)
                  0001bc5e    00000002     --HOLE-- [fill = 0]
                  0001bc60    00000008     ble_rom_PATCH.symbols (.tramp.LL_PseudoRand.1)
                  0001bc68    0000000e     rtsv7M3_T_le_eabi.lib : copy_decompress_none.obj (.text:decompress:none)
                  0001bc76    0000000c     driverlib.lib : cpu.obj (.text:NOROM_CPUcpsid)
                  0001bc82    0000000c                   : cpu.obj (.text:NOROM_CPUcpsie)
                  0001bc8e    0000000c     rtsv7M3_T_le_eabi.lib : copy_zero_init.obj (.text:decompress:ZI)
                  0001bc9a    00000006                           : copy_decompress_rle.obj (.text:decompress:rle24)
                  0001bca0    00000008     ble_rom_PATCH.symbols (.tramp.HCI_SendCommandCompleteEvent.1)
                  0001bca8    00000008     ble_rom_PATCH.symbols (.tramp.HCI_HostNumCompletedPktCmd.1)
                  0001bcb0    00000008     ble_rom_PATCH.symbols (.tramp.HCI_HostBufferSizeCmd.1)
                  0001bcb8    00000008     ble_rom_PATCH.symbols (.tramp.HCI_SetControllerToHostFlowCtrlCmd.1)
                  0001bcc0    00000008     ble_rom_PATCH.symbols (.tramp.llCalcScaFactor.1)
                  0001bcc8    00000008     ble_rom_PATCH.symbols (.tramp.LL_ENC_Decrypt.1)
                  0001bcd0    00000008     ble_rom_PATCH.symbols (.tramp.HCI_LE_LtkReqNegReplyCmd.1)
                  0001bcd8    00000008     ble_rom_PATCH.symbols (.tramp.HCI_LE_LtkReqReplyCmd.1)
                  0001bce0    00000008     ble_rom_PATCH.symbols (.tramp.llGetNumTxDataEntries.1)
                  0001bce8    00000008     ble_rom_PATCH.symbols (.tramp.LL_ENC_GenDeviceIV.1)
                  0001bcf0    00000008     ble_rom_PATCH.symbols (.tramp.LL_ENC_GenDeviceSKD.1)
                  0001bcf8    00000008     ble_rom_PATCH.symbols (.tramp.LL_ENC_ReverseBytes.1)
                  0001bd00    00000008     ble_rom_PATCH.symbols (.tramp.llMemCopySrc.1)
                  0001bd08    00000008     ble_rom_PATCH.symbols (.tramp.HCI_LE_SetAdvParamCmd.1)
                  0001bd10    00000008     ble_rom_PATCH.symbols (.tramp.HCI_LE_SetAdvEnableCmd.1)
                  0001bd18    00000008     ble_rom_PATCH.symbols (.tramp.HCI_LE_SetScanRspDataCmd.1)
                  0001bd20    00000008     ble_rom_PATCH.symbols (.tramp.HCI_LE_SetAdvDataCmd.1)
                  0001bd28    00000008     ble_rom_PATCH.symbols (.tramp.llPatchCM0.1)
                  0001bd30    00000008     ble_rom_PATCH.symbols (.tramp.LL_Encrypt.1)
                  0001bd38    00000008     ble_rom_PATCH.symbols (.tramp.HCI_LE_RandCmd.1)
                  0001bd40    00000008     ble_rom_PATCH.symbols (.tramp.HCI_DisconnectCmd.1)
                  0001bd48    00000008     ble_rom_PATCH.symbols (.tramp.HCI_ReadRemoteVersionInfoCmd.1)
                  0001bd50    00000008     ble_rom_PATCH.symbols (.tramp.HCI_SetEventMaskCmd.1)
                  0001bd58    00000008     ble_rom_PATCH.symbols (.tramp.HCI_ReadTransmitPowerLevelCmd.1)
                  0001bd60    00000008     ble_rom_PATCH.symbols (.tramp.HCI_ReadLocalSupportedFeaturesCmd.1)
                  0001bd68    00000008     ble_rom_PATCH.symbols (.tramp.HCI_ReadBDADDRCmd.1)
                  0001bd70    00000008     ble_rom_PATCH.symbols (.tramp.HCI_ReadRssiCmd.1)
                  0001bd78    00000008     ble_rom_PATCH.symbols (.tramp.HCI_LE_ReadLocalSupportedFeaturesCmd.1)
                  0001bd80    00000008     ble_rom_PATCH.symbols (.tramp.HCI_LE_ReadAdvChanTxPowerCmd.1)
                  0001bd88    00000008     ble_rom_PATCH.symbols (.tramp.HCI_LE_ReadWhiteListSizeCmd.1)
                  0001bd90    00000008     ble_rom_PATCH.symbols (.tramp.HCI_LE_ClearWhiteListCmd.1)
                  0001bd98    00000008     ble_rom_PATCH.symbols (.tramp.HCI_LE_AddWhiteListCmd.1)
                  0001bda0    00000008     ble_rom_PATCH.symbols (.tramp.HCI_LE_RemoveWhiteListCmd.1)
                  0001bda8    00000008     ble_rom_PATCH.symbols (.tramp.HCI_LE_ReadChannelMapCmd.1)
                  0001bdb0    00000008     ble_rom_PATCH.symbols (.tramp.HCI_LE_EncryptCmd.1)
                  0001bdb8    00000008     ble_rom_PATCH.symbols (.tramp.HCI_LE_ReadSupportedStatesCmd.1)
                  0001bdc0    00000008     ble_rom_PATCH.symbols (.tramp.HCI_LE_TestEndCmd.1)
                  0001bdc8    00000008     ble_rom_PATCH.symbols (.tramp.HCI_EXT_SetTxPowerCmd.1)
                  0001bdd0    00000008     ble_rom_PATCH.symbols (.tramp.HCI_EXT_OnePktPerEvtCmd.1)
                  0001bdd8    00000008     ble_rom_PATCH.symbols (.tramp.HCI_EXT_DecryptCmd.1)
                  0001bde0    00000008     ble_rom_PATCH.symbols (.tramp.HCI_EXT_SetLocalSupportedFeaturesCmd.1)
                  0001bde8    00000008     ble_rom_PATCH.symbols (.tramp.HCI_EXT_SetFastTxResponseTimeCmd.1)
                  0001bdf0    00000008     ble_rom_PATCH.symbols (.tramp.HCI_EXT_ModemTestTxCmd.1)
                  0001bdf8    00000008     ble_rom_PATCH.symbols (.tramp.HCI_EXT_ModemHopTestTxCmd.1)
                  0001be00    00000008     ble_rom_PATCH.symbols (.tramp.HCI_EXT_ModemTestRxCmd.1)
                  0001be08    00000008     ble_rom_PATCH.symbols (.tramp.HCI_EXT_EndModemTestCmd.1)
                  0001be10    00000008     ble_rom_PATCH.symbols (.tramp.HCI_EXT_SetBDADDRCmd.1)
                  0001be18    00000008     ble_rom_PATCH.symbols (.tramp.HCI_EXT_SetSCACmd.1)
                  0001be20    00000008     ble_rom_PATCH.symbols (.tramp.HCI_EXT_EnablePTMCmd.1)
                  0001be28    00000008     ble_rom_PATCH.symbols (.tramp.HCI_EXT_SetMaxDtmTxPowerCmd.1)
                  0001be30    00000008     ble_rom_PATCH.symbols (.tramp.HCI_EXT_DisconnectImmedCmd.1)
                  0001be38    00000008     ble_rom_PATCH.symbols (.tramp.HCI_EXT_PacketErrorRateCmd.1)
                  0001be40    00000008     ble_rom_PATCH.symbols (.tramp.HCI_EXT_PERbyChanCmd.1)
                  0001be48    00000008     ble_rom_PATCH.symbols (.tramp.HCI_EXT_AdvEventNoticeCmd.1)
                  0001be50    00000008     ble_rom_PATCH.symbols (.tramp.HCI_EXT_SetSlaveLatencyOverrideCmd.1)
                  0001be58    00000008     ble_rom_PATCH.symbols (.tramp.HCI_EXT_BuildRevisionCmd.1)
                  0001be60    00000008     ble_rom_PATCH.symbols (.tramp.HCI_EXT_NumComplPktsLimitCmd.1)
                  0001be68    00000008     ble_rom_PATCH.symbols (.tramp.llMoveTempTxDataEntries.1)
                  0001be70    00000008     ble_rom_PATCH.symbols (.tramp.llSetupVersionIndReq.1)
                  0001be78    00000008     ble_rom_PATCH.symbols (.tramp.LL_ReadRemoteVersionInfoCback.1)
                  0001be80    00000008     ble_rom_PATCH.symbols (.tramp.llSetupPauseEncRsp.1)
                  0001be88    00000008     ble_rom_PATCH.symbols (.tramp.llSetupStartEncRsp.1)
                  0001be90    00000008     ble_rom_PATCH.symbols (.tramp.LL_EncChangeCback.1)
                  0001be98    00000008     ble_rom_PATCH.symbols (.tramp.LL_EncKeyRefreshCback.1)
                  0001bea0    00000008     ble_rom_PATCH.symbols (.tramp.LL_ENC_AES128_Encrypt.1)
                  0001bea8    00000008     ble_rom_PATCH.symbols (.tramp.llSetupStartEncReq.1)
                  0001beb0    00000008     ble_rom_PATCH.symbols (.tramp.llSetupEncRsp.1)
                  0001beb8    00000008     ble_rom_PATCH.symbols (.tramp.LL_EncLtkReqCback.1)
                  0001bec0    00000008     ble_rom_PATCH.symbols (.tramp.llSetupUnknownRsp.1)
                  0001bec8    00000008     ble_rom_PATCH.symbols (.tramp.llEventInRange.1)
                  0001bed0    00000008     ble_rom_PATCH.symbols (.tramp.llCheckForLstoDuringSL.1)
                  0001bed8    00000008     ble_rom_PATCH.symbols (.tramp.llConnTerminate.1)
                  0001bee0    00000008     ble_rom_PATCH.symbols (.tramp.HCI_SendDataPkt.1)
                  0001bee8    00000008     ble_rom_PATCH.symbols (.tramp.llGetNumTasks.1)
                  0001bef0    00000008     ble_rom_PATCH.symbols (.tramp.llScheduler.1)
                  0001bef8    00000008     ble_rom_PATCH.symbols (.tramp.llSetupAdv.1)
                  0001bf00    00000008     ble_rom_PATCH.symbols (.tramp.LL_DirectTestEndDoneCback.1)
                  0001bf08    00000008     ble_rom_PATCH.symbols (.tramp.llRfStartFS.1)
                  0001bf10    00000008     ble_rom_PATCH.symbols (.tramp.HCI_DataBufferOverflowEvent.1)
                  0001bf18    00000008     ble_rom_PATCH.symbols (.tramp.llReleaseAllConnId.1)
                  0001bf20    00000008     ble_rom_PATCH.symbols (.tramp.LL_ClearWhiteList.1)
                  0001bf28    00000008     ble_rom_PATCH.symbols (.tramp.LL_ENC_Init.1)
                  0001bf30    00000008     ble_rom_PATCH.symbols (.tramp.WL_Init.1)
                  0001bf38    00000008     ble_rom_PATCH.symbols (.tramp.LL_ConnectionCompleteCback.1)
                  0001bf40    00000008     ble_rom_PATCH.symbols (.tramp.LL_ENC_GenerateTrueRandNum.1)
                  0001bf48    00000008     ble_rom_PATCH.symbols (.tramp.llInitRAT.1)
                  0001bf50    00000008     ble_rom_PATCH.symbols (.tramp.llSetupRfHal.1)
                  0001bf58    00000008     ble_rom_PATCH.symbols (.tramp.llSetupMailbox.1)
                  0001bf60    00000008     ble_rom_PATCH.symbols (.tramp.llResetRadio.1)
                  0001bf68    00000008     ble_rom_PATCH.symbols (.tramp.llSetupRejectInd.1)
                  0001bf70    00000008     ble_rom_PATCH.symbols (.tramp.WL_FindEntry.1)
                  0001bf78    00000008     ble_rom_PATCH.symbols (.tramp.llEnqueueCtrlPkt.1)
                  0001bf80    00000008     ble_rom_PATCH.symbols (.tramp.LL_ConnActive.1)
                  0001bf88    00000008     ble_rom_PATCH.symbols (.tramp.llHaltRadio.1)
                  0001bf90    00000008     ble_rom_PATCH.symbols (.tramp.llGetCurrentTask.1)
                  0001bf98    00000008     ble_rom_PATCH.symbols (.tramp.LL_RX_bm_alloc.1)
                  0001bfa0    00000008     ble_rom_PATCH.symbols (.tramp.HCI_HardwareErrorEvent.1)
                  0001bfa8    00000008     ble_rom_PATCH.symbols (.tramp.HCI_bm_alloc.1)
                  0001bfb0    00000008     ble_rom_PATCH.symbols (.tramp.llWriteTxData.1)
                  0001bfb8    00000008     ble_rom_PATCH.symbols (.tramp.llGetCurrentTime.1)
                  0001bfc0    00000008     ble_rom_PATCH.symbols (.tramp.llConvertCtrlProcTimeoutToEvent.1)
                  0001bfc8    00000008     ble_rom_PATCH.symbols (.tramp.llConvertLstoToEvent.1)
                  0001bfd0    00000008     ble_rom_PATCH.symbols (.tramp.llTimeDelta.1)
                  0001bfd8    00000008     ble_rom_PATCH.symbols (.tramp.llTimeCompare.1)
                  0001bfe0    00000008     ble_rom_PATCH.symbols (.tramp.llFreeTask.1)
                  0001bfe8    00000008     ble_rom_PATCH.symbols (.tramp.llReleaseConnId.1)
                  0001bff0    00000008     ble_rom_PATCH.symbols (.tramp.LL_ENC_Encrypt.1)
                  0001bff8    00000008     ble_rom_PATCH.symbols (.tramp.LL_TX_bm_alloc.1)
                  0001c000    00000008     ble_rom_PATCH.symbols (.tramp.llEventDelta.1)

.const     0    0001c008    00000794     
                  0001c008    00000664     ROM_Init.obj (.const)
                  0001c66c    0000010c     CommonROM_Init.obj (.const)
                  0001c778    00000024     OSAL_ICallBle.obj (.const:tasksArr)

.rodata    0    0001c79c    0000006e     
                  0001c79c    0000005c     CC2650Stack.a : ll_config.o (.rodata)
                  0001c7f8    00000008                   : gapgattserver.o (.rodata)
                  0001c800    00000008                   : gattservapp.o (.rodata)
                  0001c808    00000002                   : ll_PATCH.o (.rodata)

.cinit     0    0001c810    000001a8     
                  0001c810    0000016f     (.cinit..data.load) [load image, compression = rle]
                  0001c97f    00000001     --HOLE-- [fill = 0]
                  0001c980    0000000c     (__TI_handler_table)
                  0001c98c    00000004     --HOLE-- [fill = 0]
                  0001c990    00000008     (.cinit..TI.bound:mbIntCbackTable.load) [load image, compression = zero_init]
                  0001c998    00000008     (.cinit..bss.load) [load image, compression = zero_init]
                  0001c9a0    00000018     (__TI_cinit_table)

.init_array 
*          0    0000d000    00000000     UNINITIALIZED

.TI.bound:SNV_FLASH 
*          0    0001d000    00002000     
                  0001d000    00002000     osal_snv_wrapper.obj (.TI.bound:SNV_FLASH)

.data      0    2000445c    000002dd     UNINITIALIZED
                  2000445c    0000007c     osal_cbtimer.obj (.data)
                  200044d8    00000070     CC2650Stack.a : gapgattserver.o (.data)
                  20004548    00000050                   : gap_configmgr.o (.data)
                  20004598    00000040                   : gattservapp.o (.data)
                  200045d8    0000003c                   : ll_sleep.o (.data)
                  20004614    00000030     OSAL.obj (.data)
                  20004644    0000002c     CC2650Stack.a : gap_configmgr.o (.data)
                  20004670    00000024                   : gapgattserver.o (.data)
                  20004694    0000001c                   : gap_linkmgr.o (.data)
                  200046b0    0000001c                   : gap_peridevmgr.o (.data)
                  200046cc    00000014                   : l2cap_task.o (.data)
                  200046e0    00000010                   : ll_config.o (.data)
                  200046f0    0000000c                   : gap_task.o (.data)
                  200046fc    0000000c                   : ll_common_PATCH.o (.data)
                  20004708    0000000c                   : sm_rsppairing.o (.data)
                  20004714    00000008                   : gatt_server.o (.data)
                  2000471c    00000008     OSAL_Clock.obj (.data)
                  20004724    00000004     CC2650Stack.a : gap_perilinkmgr.o (.data)
                  20004728    00000004     OSAL_PwrMgr.obj (.data)
                  2000472c    00000004     osal_bufmgr.obj (.data)
                  20004730    00000002     CC2650Stack.a : l2cap_task.o (.data)
                  20004732    00000001                   : gapgattserver.o (.data)
                  20004733    00000001                   : gapgattserver.o (.data)
                  20004734    00000001                   : gapgattserver.o (.data)
                  20004735    00000001                   : gatt_server.o (.data)
                  20004736    00000001                   : gatt_task.o (.data)
                  20004737    00000001                   : gattservapp.o (.data)
                  20004738    00000001                   : gattservapp.o (.data)

.bss       0    2000473c    00000182     UNINITIALIZED
                  2000473c    0000003c     bleDispatch.obj (.bss)
                  20004778    00000038     CC2650Stack.a : linkdb.o (.bss)
                  200047b0    00000030                   : l2cap_task.o (.bss)
                  200047e0    00000028                   : gattservapp.o (.bss)
                  20004808    0000001c                   : ll_PATCH.o (.bss)
                  20004824    00000018                   : ll_sleep.o (.bss)
                  2000483c    00000010                   : hci_event_PATCH.o (.bss)
                  2000484c    0000000c                   : sm_pairing.o (.bss)
                  20004858    0000000c     ICall_startup.obj (.bss)
                  20004864    00000008     CC2650Stack.a : gatt_task.o (.bss)
                  2000486c    00000008     OSAL_Timers.obj (.bss)
                  20004874    00000008     osal_snv_wrapper.obj (.bss)
                  2000487c    00000004     CC2650Stack.a : att_server.o (.bss)
                  20004880    00000004                   : ble_PATCH.o (.bss)
                  20004884    00000004                   : ble_PATCH.o (.bss)
                  20004888    00000004                   : gap_devmgr.o (.bss)
                  2000488c    00000004                   : gap_devmgr.o (.bss)
                  20004890    00000004                   : gap_linkmgr.o (.bss)
                  20004894    00000004                   : gapgattserver.o (.bss)
                  20004898    00000004                   : gatt_server.o (.bss)
                  2000489c    00000004                   : gattservapp.o (.bss)
                  200048a0    00000004                   : sm_mgr.o (.bss)
                  200048a4    00000004     (.common:lastTrngVal$22)
                  200048a8    00000004     (.common:tasksEvents)
                  200048ac    00000002                   : gap_peridevmgr.o (.bss)
                  200048ae    00000002                   : gatt_task.o (.bss)
                  200048b0    00000002                   : ll_slaveEndCauses_PATCH.o (.bss)
                  200048b2    00000001                   : l2cap_if.o (.bss)
                  200048b3    00000001                   : l2cap_util.o (.bss)
                  200048b4    00000001                   : l2cap_util.o (.bss)
                  200048b5    00000001                   : ll_common_PATCH.o (.bss)
                  200048b6    00000001                   : ll_sleep.o (.bss)
                  200048b7    00000001                   : sm_task.o (.bss)
                  200048b8    00000001     CC2650Stack_HCI_TL.a : hci_tl.o (.bss)
                  200048b9    00000001                          : hci_tl.o (.bss)
                  200048ba    00000001                          : hci_tl.o (.bss)
                  200048bb    00000001                          : hci_tl.o (.bss)
                  200048bc    00000001                          : hci_tl.o (.bss)
                  200048bd    00000001                          : hci_tl.o (.bss)

.TI.persistent 
*          0    2000445c    00000000     UNINITIALIZED

.TI.noinit 
*          0    2000473c    00000000     UNINITIALIZED

.TI.bound:mbIntCbackTable 
*          0    20004fec    00000010     UNINITIALIZED
                  20004fec    00000010     mb_PATCH.obj (.TI.bound:mbIntCbackTable)


LINKER GENERATED COPY TABLES

__TI_cinit_table @ 0001c9a0 records: 3, size/record: 8, table size: 24
	.data: load addr=0001c810, load size=0000016f bytes, run addr=2000445c, run size=000002dd bytes, compression=rle
	.TI.bound:mbIntCbackTable: load addr=0001c990, load size=00000008 bytes, run addr=20004fec, run size=00000010 bytes, compression=zero_init
	.bss: load addr=0001c998, load size=00000008 bytes, run addr=2000473c, run size=00000182 bytes, compression=zero_init


LINKER GENERATED HANDLER TABLE

__TI_handler_table @ 0001c980 records: 3, size/record: 4, table size: 12
	index: 0, handler: __TI_decompress_rle24
	index: 1, handler: __TI_decompress_none
	index: 2, handler: __TI_zero_init


FAR CALL TRAMPOLINES

callee name               trampoline name
   callee addr  tramp addr   call addr  call info
--------------  -----------  ---------  ----------------
HCI_CommandCompleteEvent  $Tramp$TT$L$PI$$HCI_CommandCompleteEvent
   10008add     0001921c     00018f0a   CC2650Stack.a : hci_PATCH.o (.text)
                             00018fca                 : hci_PATCH.o (.text)
                             00018ff8                 : hci_PATCH.o (.text)
                             0001902c                 : hci_PATCH.o (.text)
                             0001907c                 : hci_PATCH.o (.text)
                             000191ce                 : hci_PATCH.o (.text)
HCI_CommandStatusEvent    $Tramp$TT$L$PI$$HCI_CommandStatusEvent
   10008ba1     00019224     00019066   CC2650Stack.a : hci_PATCH.o (.text)
                             000190e8                 : hci_PATCH.o (.text)
LL_EXT_ResetSystem        $Tramp$TT$L$PI$$LL_EXT_ResetSystem
   100070d5     0001922c     00019106   CC2650Stack.a : hci_PATCH.o (.text)
LL_ReadLocalVersionInfo   $Tramp$TT$L$PI$$LL_ReadLocalVersionInfo
   1000589d     00019234     0001918c   CC2650Stack.a : hci_PATCH.o (.text)
HCI_LE_SetRandomAddressCmd  $Tramp$TT$L$PI$$HCI_LE_SetRandomAddressCmd
   10009849     00019900     000197b0   CC2650Stack.a : gap_configmgr.o (.text)
LL_CtrlToHostFlowControl  $Tramp$TT$L$PI$$LL_CtrlToHostFlowControl
   100058d5     0001b428     0001b3a2   CC2650Stack.a : hci_data_PATCH.o (.text)
LL_PseudoRand             $Tramp$TT$L$PI$$LL_PseudoRand
   10005801     0001bc60     0001bc54   OnBoard.obj (.text)
HCI_SendCommandCompleteEvent  $Tramp$TT$L$PI$$HCI_SendCommandCompleteEvent
   10008c81     0001bca0     00018ae0   CC2650Stack.a : hci_event_PATCH.o (.text)
HCI_HostNumCompletedPktCmd  $Tramp$TT$L$PI$$HCI_HostNumCompletedPktCmd
   1000965d     0001bca8     000186c2   CC2650Stack.a : l2cap_if.o (.text)
HCI_HostBufferSizeCmd     $Tramp$TT$L$PI$$HCI_HostBufferSizeCmd
   10009631     0001bcb0     000186a4   CC2650Stack.a : l2cap_if.o (.text)
HCI_SetControllerToHostFlowCtrlCmd  $Tramp$TT$L$PI$$HCI_SetControllerToHostFlowCtrlCmd
   100095f5     0001bcb8     0001868c   CC2650Stack.a : l2cap_if.o (.text)
                             000186ae                 : l2cap_if.o (.text)
llCalcScaFactor           $Tramp$TT$L$PI$$llCalcScaFactor
   1000d94d     0001bcc0     00018042   CC2650Stack.a : ll_advEndCauses_PATCH.o (.text)
LL_ENC_Decrypt            $Tramp$TT$L$PI$$LL_ENC_Decrypt
   1000b9dd     0001bcc8     00017d1a   CC2650Stack.a : ll_isr.o (.text)
HCI_LE_LtkReqNegReplyCmd  $Tramp$TT$L$PI$$HCI_LE_LtkReqNegReplyCmd
   10009be1     0001bcd0     00016bd6   CC2650Stack.a : sm_rsppairing.o (.text)
HCI_LE_LtkReqReplyCmd     $Tramp$TT$L$PI$$HCI_LE_LtkReqReplyCmd
   10009bc5     0001bcd8     00016bbc   CC2650Stack.a : sm_rsppairing.o (.text)
llGetNumTxDataEntries     $Tramp$TT$L$PI$$llGetNumTxDataEntries
   1000b009     0001bce0     00016a30   CC2650Stack.a : ble_PATCH.o (.text)
LL_ENC_GenDeviceIV        $Tramp$TT$L$PI$$LL_ENC_GenDeviceIV
   1000b555     0001bce8     00016734   CC2650Stack.a : ble_PATCH.o (.text)
LL_ENC_GenDeviceSKD       $Tramp$TT$L$PI$$LL_ENC_GenDeviceSKD
   1000b541     0001bcf0     0001672c   CC2650Stack.a : ble_PATCH.o (.text)
LL_ENC_ReverseBytes       $Tramp$TT$L$PI$$LL_ENC_ReverseBytes
   1000b4ed     0001bcf8     0001670e   CC2650Stack.a : ble_PATCH.o (.text)
                             00016724                 : ble_PATCH.o (.text)
llMemCopySrc              $Tramp$TT$L$PI$$llMemCopySrc
   100089d9     0001bd00     000165fa   CC2650Stack.a : ble_PATCH.o (.text)
                             00016606                 : ble_PATCH.o (.text)
                             00016612                 : ble_PATCH.o (.text)
                             0001661e                 : ble_PATCH.o (.text)
                             00016642                 : ble_PATCH.o (.text)
                             00016686                 : ble_PATCH.o (.text)
                             00016692                 : ble_PATCH.o (.text)
                             000166ea                 : ble_PATCH.o (.text)
                             000166f6                 : ble_PATCH.o (.text)
                             00016704                 : ble_PATCH.o (.text)
                             0001671c                 : ble_PATCH.o (.text)
                             000167cc                 : ble_PATCH.o (.text)
                             000167d8                 : ble_PATCH.o (.text)
HCI_LE_SetAdvParamCmd     $Tramp$TT$L$PI$$HCI_LE_SetAdvParamCmd
   1000986d     0001bd08     00015c72   CC2650Stack.a : gap_peridevmgr.o (.text)
HCI_LE_SetAdvEnableCmd    $Tramp$TT$L$PI$$HCI_LE_SetAdvEnableCmd
   100098d9     0001bd10     00015a94   CC2650Stack.a : gap_peridevmgr.o (.text)
                             00015c90                 : gap_peridevmgr.o (.text)
HCI_LE_SetScanRspDataCmd  $Tramp$TT$L$PI$$HCI_LE_SetScanRspDataCmd
   100098bd     0001bd18     00015a44   CC2650Stack.a : gap_peridevmgr.o (.text)
                             00015f32                 : gap_peridevmgr.o (.text)
HCI_LE_SetAdvDataCmd      $Tramp$TT$L$PI$$HCI_LE_SetAdvDataCmd
   100098a1     0001bd20     00015a3a   CC2650Stack.a : gap_peridevmgr.o (.text)
                             00015f28                 : gap_peridevmgr.o (.text)
llPatchCM0                $Tramp$TT$L$PI$$llPatchCM0
   1000adb1     0001bd28     00014d78   CC2650Stack.a : ll_sleep.o (.text)
LL_Encrypt                $Tramp$TT$L$PI$$LL_Encrypt
   100057d5     0001bd30     00014858   CC2650Stack.a : sm_mgr.o (.text)
HCI_LE_RandCmd            $Tramp$TT$L$PI$$HCI_LE_RandCmd
   10009b51     0001bd38     000144c6   CC2650Stack.a : sm_mgr.o (.text)
                             000145be                 : sm_mgr.o (.text)
HCI_DisconnectCmd         $Tramp$TT$L$PI$$HCI_DisconnectCmd
   10009525     0001bd40     00012d52   CC2650Stack.a : gap_linkmgr.o (.text)
                             0001325c                 : gap_linkmgr.o (.text)
HCI_ReadRemoteVersionInfoCmd  $Tramp$TT$L$PI$$HCI_ReadRemoteVersionInfoCmd
   10009541     0001bd48     00012bca   bleDispatch.obj (.text)
HCI_SetEventMaskCmd       $Tramp$TT$L$PI$$HCI_SetEventMaskCmd
   10009571     0001bd50     00012bc4   bleDispatch.obj (.text)
HCI_ReadTransmitPowerLevelCmd  $Tramp$TT$L$PI$$HCI_ReadTransmitPowerLevelCmd
   100095d1     0001bd58     00012bba   bleDispatch.obj (.text)
HCI_ReadLocalSupportedFeaturesCmd  $Tramp$TT$L$PI$$HCI_ReadLocalSupportedFeaturesCmd
   1000973d     0001bd60     00012ba4   bleDispatch.obj (.text)
HCI_ReadBDADDRCmd         $Tramp$TT$L$PI$$HCI_ReadBDADDRCmd
   10009765     0001bd68     00012ba0   bleDispatch.obj (.text)
                             000195ec   CC2650Stack.a : gap_configmgr.o (.text)
HCI_ReadRssiCmd           $Tramp$TT$L$PI$$HCI_ReadRssiCmd
   1000978d     0001bd70     00012b9c   bleDispatch.obj (.text)
HCI_LE_ReadLocalSupportedFeaturesCmd  $Tramp$TT$L$PI$$HCI_LE_ReadLocalSupportedFeaturesCmd
   10009829     0001bd78     00012b90   bleDispatch.obj (.text)
HCI_LE_ReadAdvChanTxPowerCmd  $Tramp$TT$L$PI$$HCI_LE_ReadAdvChanTxPowerCmd
   100098f5     0001bd80     00012b8c   bleDispatch.obj (.text)
HCI_LE_ReadWhiteListSizeCmd  $Tramp$TT$L$PI$$HCI_LE_ReadWhiteListSizeCmd
   100099c9     0001bd88     00012b88   bleDispatch.obj (.text)
HCI_LE_ClearWhiteListCmd  $Tramp$TT$L$PI$$HCI_LE_ClearWhiteListCmd
   100099f9     0001bd90     00012b84   bleDispatch.obj (.text)
HCI_LE_AddWhiteListCmd    $Tramp$TT$L$PI$$HCI_LE_AddWhiteListCmd
   10009a15     0001bd98     00012b80   bleDispatch.obj (.text)
HCI_LE_RemoveWhiteListCmd  $Tramp$TT$L$PI$$HCI_LE_RemoveWhiteListCmd
   10009a31     0001bda0     00012b78   bleDispatch.obj (.text)
HCI_LE_ReadChannelMapCmd  $Tramp$TT$L$PI$$HCI_LE_ReadChannelMapCmd
   10009aa1     0001bda8     00012b70   bleDispatch.obj (.text)
HCI_LE_EncryptCmd         $Tramp$TT$L$PI$$HCI_LE_EncryptCmd
   10009af5     0001bdb0     00012b64   bleDispatch.obj (.text)
HCI_LE_ReadSupportedStatesCmd  $Tramp$TT$L$PI$$HCI_LE_ReadSupportedStatesCmd
   10009c15     0001bdb8     00012b5c   bleDispatch.obj (.text)
HCI_LE_TestEndCmd         $Tramp$TT$L$PI$$HCI_LE_TestEndCmd
   10009c8d     0001bdc0     00012b46   bleDispatch.obj (.text)
HCI_EXT_SetTxPowerCmd     $Tramp$TT$L$PI$$HCI_EXT_SetTxPowerCmd
   10009d09     0001bdc8     00012b42   bleDispatch.obj (.text)
HCI_EXT_OnePktPerEvtCmd   $Tramp$TT$L$PI$$HCI_EXT_OnePktPerEvtCmd
   10009d45     0001bdd0     00012b3c   bleDispatch.obj (.text)
HCI_EXT_DecryptCmd        $Tramp$TT$L$PI$$HCI_EXT_DecryptCmd
   10009dd1     0001bdd8     00012b36   bleDispatch.obj (.text)
HCI_EXT_SetLocalSupportedFeaturesCmd  $Tramp$TT$L$PI$$HCI_EXT_SetLocalSupportedFeaturesCmd
   10009e2d     0001bde0     00012b2e   bleDispatch.obj (.text)
HCI_EXT_SetFastTxResponseTimeCmd  $Tramp$TT$L$PI$$HCI_EXT_SetFastTxResponseTimeCmd
   10009e4d     0001bde8     00012b28   bleDispatch.obj (.text)
HCI_EXT_ModemTestTxCmd    $Tramp$TT$L$PI$$HCI_EXT_ModemTestTxCmd
   10009e8d     0001bdf0     00012b22   bleDispatch.obj (.text)
HCI_EXT_ModemHopTestTxCmd  $Tramp$TT$L$PI$$HCI_EXT_ModemHopTestTxCmd
   10009ead     0001bdf8     00012b1a   bleDispatch.obj (.text)
HCI_EXT_ModemTestRxCmd    $Tramp$TT$L$PI$$HCI_EXT_ModemTestRxCmd
   10009ecd     0001be00     00012b16   bleDispatch.obj (.text)
HCI_EXT_EndModemTestCmd   $Tramp$TT$L$PI$$HCI_EXT_EndModemTestCmd
   10009eed     0001be08     00012b10   bleDispatch.obj (.text)
HCI_EXT_SetBDADDRCmd      $Tramp$TT$L$PI$$HCI_EXT_SetBDADDRCmd
   10009f0d     0001be10     00012b0c   bleDispatch.obj (.text)
HCI_EXT_SetSCACmd         $Tramp$TT$L$PI$$HCI_EXT_SetSCACmd
   10009f49     0001be18     00012b06   bleDispatch.obj (.text)
HCI_EXT_EnablePTMCmd      $Tramp$TT$L$PI$$HCI_EXT_EnablePTMCmd
   10009f69     0001be20     00012b00   bleDispatch.obj (.text)
HCI_EXT_SetMaxDtmTxPowerCmd  $Tramp$TT$L$PI$$HCI_EXT_SetMaxDtmTxPowerCmd
   10009fd1     0001be28     00012afc   bleDispatch.obj (.text)
HCI_EXT_DisconnectImmedCmd  $Tramp$TT$L$PI$$HCI_EXT_DisconnectImmedCmd
   1000a011     0001be30     00012af6   bleDispatch.obj (.text)
HCI_EXT_PacketErrorRateCmd  $Tramp$TT$L$PI$$HCI_EXT_PacketErrorRateCmd
   1000a031     0001be38     00012af0   bleDispatch.obj (.text)
HCI_EXT_PERbyChanCmd      $Tramp$TT$L$PI$$HCI_EXT_PERbyChanCmd
   1000a075     0001be40     00012ae8   bleDispatch.obj (.text)
HCI_EXT_AdvEventNoticeCmd  $Tramp$TT$L$PI$$HCI_EXT_AdvEventNoticeCmd
   1000a0f1     0001be48     00012ae0   bleDispatch.obj (.text)
HCI_EXT_SetSlaveLatencyOverrideCmd  $Tramp$TT$L$PI$$HCI_EXT_SetSlaveLatencyOverrideCmd
   10009e6d     0001be50     00012acc   bleDispatch.obj (.text)
HCI_EXT_BuildRevisionCmd  $Tramp$TT$L$PI$$HCI_EXT_BuildRevisionCmd
   1000a109     0001be58     00012ac6   bleDispatch.obj (.text)
HCI_EXT_NumComplPktsLimitCmd  $Tramp$TT$L$PI$$HCI_EXT_NumComplPktsLimitCmd
   1000a1b5     0001be60     00012ab2   bleDispatch.obj (.text)
llMoveTempTxDataEntries   $Tramp$TT$L$PI$$llMoveTempTxDataEntries
   1000afa1     0001be68     000123ea   CC2650Stack.a : ll_slaveEndCauses_PATCH.o (.text)
llSetupVersionIndReq      $Tramp$TT$L$PI$$llSetupVersionIndReq
   10007f29     0001be70     000122b2   CC2650Stack.a : ll_slaveEndCauses_PATCH.o (.text)
LL_ReadRemoteVersionInfoCback  $Tramp$TT$L$PI$$LL_ReadRemoteVersionInfoCback
   100091e1     0001be78     00012294   CC2650Stack.a : ll_slaveEndCauses_PATCH.o (.text)
                             000122a6                 : ll_slaveEndCauses_PATCH.o (.text)
llSetupPauseEncRsp        $Tramp$TT$L$PI$$llSetupPauseEncRsp
   10007d55     0001be80     000121d8   CC2650Stack.a : ll_slaveEndCauses_PATCH.o (.text)
llSetupStartEncRsp        $Tramp$TT$L$PI$$llSetupStartEncRsp
   10007ca9     0001be88     000121be   CC2650Stack.a : ll_slaveEndCauses_PATCH.o (.text)
LL_EncChangeCback         $Tramp$TT$L$PI$$LL_EncChangeCback
   1000933d     0001be90     000121ac   CC2650Stack.a : ll_slaveEndCauses_PATCH.o (.text)
LL_EncKeyRefreshCback     $Tramp$TT$L$PI$$LL_EncKeyRefreshCback
   100093dd     0001be98     0001218e   CC2650Stack.a : ll_slaveEndCauses_PATCH.o (.text)
LL_ENC_AES128_Encrypt     $Tramp$TT$L$PI$$LL_ENC_AES128_Encrypt
   1000b5f5     0001bea0     00012146   CC2650Stack.a : ll_slaveEndCauses_PATCH.o (.text)
llSetupStartEncReq        $Tramp$TT$L$PI$$llSetupStartEncReq
   10007c55     0001bea8     0001211e   CC2650Stack.a : ll_slaveEndCauses_PATCH.o (.text)
llSetupEncRsp             $Tramp$TT$L$PI$$llSetupEncRsp
   10007b95     0001beb0     000120e8   CC2650Stack.a : ll_slaveEndCauses_PATCH.o (.text)
LL_EncLtkReqCback         $Tramp$TT$L$PI$$LL_EncLtkReqCback
   1000925d     0001beb8     000120e0   CC2650Stack.a : ll_slaveEndCauses_PATCH.o (.text)
llSetupUnknownRsp         $Tramp$TT$L$PI$$llSetupUnknownRsp
   10008069     0001bec0     0001203a   CC2650Stack.a : ll_slaveEndCauses_PATCH.o (.text)
                             0001691a                 : ble_PATCH.o (.text)
llEventInRange            $Tramp$TT$L$PI$$llEventInRange
   100086f1     0001bec8     00011d26   CC2650Stack.a : ll_slaveEndCauses_PATCH.o (.text)
                             00011d46                 : ll_slaveEndCauses_PATCH.o (.text)
llCheckForLstoDuringSL    $Tramp$TT$L$PI$$llCheckForLstoDuringSL
   1000c1b5     0001bed0     00011d04   CC2650Stack.a : ll_slaveEndCauses_PATCH.o (.text)
llConnTerminate           $Tramp$TT$L$PI$$llConnTerminate
   10008631     0001bed8     00011c24   CC2650Stack.a : ll_slaveEndCauses_PATCH.o (.text)
                             00011fb4                 : ll_slaveEndCauses_PATCH.o (.text)
                             00012344                 : ll_slaveEndCauses_PATCH.o (.text)
                             00018160                 : ll_advEndCauses_PATCH.o (.text)
HCI_SendDataPkt           $Tramp$TT$L$PI$$HCI_SendDataPkt
   100094e9     0001bee0     000106b4   CC2650Stack.a : l2cap_util.o (.text)
llGetNumTasks             $Tramp$TT$L$PI$$llGetNumTasks
   1000ace1     0001bee8     0000efe0   CC2650Stack.a : ll_PATCH.o (.text)
llScheduler               $Tramp$TT$L$PI$$llScheduler
   1000a335     0001bef0     0000efca   CC2650Stack.a : ll_PATCH.o (.text)
                             0000f020                 : ll_PATCH.o (.text)
                             00011ca2                 : ll_slaveEndCauses_PATCH.o (.text)
                             000182b8                 : ll_advEndCauses_PATCH.o (.text)
llSetupAdv                $Tramp$TT$L$PI$$llSetupAdv
   100073e5     0001bef8     0000ef8e   CC2650Stack.a : ll_PATCH.o (.text)
LL_DirectTestEndDoneCback  $Tramp$TT$L$PI$$LL_DirectTestEndDoneCback
   10009471     0001bf00     0000ec9a   CC2650Stack.a : ll_PATCH.o (.text)
llRfStartFS               $Tramp$TT$L$PI$$llRfStartFS
   10007269     0001bf08     0000ea10   CC2650Stack.a : ll_PATCH.o (.text)
HCI_DataBufferOverflowEvent  $Tramp$TT$L$PI$$HCI_DataBufferOverflowEvent
   10008a2d     0001bf10     0000e974   CC2650Stack.a : ll_PATCH.o (.text)
llReleaseAllConnId        $Tramp$TT$L$PI$$llReleaseAllConnId
   10008461     0001bf18     0000e5fe   CC2650Stack.a : ll_PATCH.o (.text)
LL_ClearWhiteList         $Tramp$TT$L$PI$$LL_ClearWhiteList
   10005719     0001bf20     0000e59a   CC2650Stack.a : ll_PATCH.o (.text)
LL_ENC_Init               $Tramp$TT$L$PI$$LL_ENC_Init
   1000b4c9     0001bf28     0000e596   CC2650Stack.a : ll_PATCH.o (.text)
                             0001528a                 : ll_sleep.o (.text)
WL_Init                   $Tramp$TT$L$PI$$WL_Init
   1000d189     0001bf30     0000e592   CC2650Stack.a : ll_PATCH.o (.text)
LL_ConnectionCompleteCback  $Tramp$TT$L$PI$$LL_ConnectionCompleteCback
   10008ead     0001bf38     0000e47a   CC2650Stack.a : ll_PATCH.o (.text)
                             0000e4ca                 : ll_PATCH.o (.text)
                             0000e4de                 : ll_PATCH.o (.text)
LL_ENC_GenerateTrueRandNum  $Tramp$TT$L$PI$$LL_ENC_GenerateTrueRandNum
   1000b51d     0001bf40     0000e3fe   CC2650Stack.a : ll_PATCH.o (.text)
llInitRAT                 $Tramp$TT$L$PI$$llInitRAT
   1000d8b5     0001bf48     0000e3da   CC2650Stack.a : ll_PATCH.o (.text)
llSetupRfHal              $Tramp$TT$L$PI$$llSetupRfHal
   1000ad6d     0001bf50     0000e3a8   CC2650Stack.a : ll_PATCH.o (.text)
llSetupMailbox            $Tramp$TT$L$PI$$llSetupMailbox
   1000ad21     0001bf58     0000e3a4   CC2650Stack.a : ll_PATCH.o (.text)
                             0000e574                 : ll_PATCH.o (.text)
                             0000ec9e                 : ll_PATCH.o (.text)
llResetRadio              $Tramp$TT$L$PI$$llResetRadio
   10007201     0001bf60     0000e396   CC2650Stack.a : ll_PATCH.o (.text)
                             00017a7a                 : ll_isr.o (.text)
llSetupRejectInd          $Tramp$TT$L$PI$$llSetupRejectInd
   10007df5     0001bf68     0000dfe6   CC2650Stack.a : ll_common_PATCH.o (.text)
                             0001220c                 : ll_slaveEndCauses_PATCH.o (.text)
WL_FindEntry              $Tramp$TT$L$PI$$WL_FindEntry
   1000d26d     0001bf70     0000dfae   CC2650Stack.a : ll_common_PATCH.o (.text)
llEnqueueCtrlPkt          $Tramp$TT$L$PI$$llEnqueueCtrlPkt
   100080bd     0001bf78     0000dd1c   CC2650Stack.a : ll_common_PATCH.o (.text)
                             0000e860                 : ll_PATCH.o (.text)
                             0000eec0                 : ll_PATCH.o (.text)
                             0001676e                 : ble_PATCH.o (.text)
                             0001699c                 : ble_PATCH.o (.text)
                             000169e6                 : ble_PATCH.o (.text)
LL_ConnActive             $Tramp$TT$L$PI$$LL_ConnActive
   1000678d     0001bf80     0000dcec   CC2650Stack.a : ll_common_PATCH.o (.text)
                             0000e6be                 : ll_PATCH.o (.text)
                             0000e706                 : ll_PATCH.o (.text)
                             0000e728                 : ll_PATCH.o (.text)
                             0000e7a2                 : ll_PATCH.o (.text)
                             0000e7ec                 : ll_PATCH.o (.text)
                             0000e822                 : ll_PATCH.o (.text)
                             0000e944                 : ll_PATCH.o (.text)
                             0000ed6c                 : ll_PATCH.o (.text)
                             0000edb2                 : ll_PATCH.o (.text)
                             0000ee46                 : ll_PATCH.o (.text)
                             0000f072                 : ll_PATCH.o (.text)
llHaltRadio               $Tramp$TT$L$PI$$llHaltRadio
   1000720d     0001bf88     0000dc88   CC2650Stack.a : ll_common_PATCH.o (.text)
                             0000e566                 : ll_PATCH.o (.text)
                             0000ec44                 : ll_PATCH.o (.text)
                             0000effa                 : ll_PATCH.o (.text)
llGetCurrentTask          $Tramp$TT$L$PI$$llGetCurrentTask
   1000ac3d     0001bf90     0000dc7e   CC2650Stack.a : ll_common_PATCH.o (.text)
                             0000e448                 : ll_PATCH.o (.text)
                             0000efe8                 : ll_PATCH.o (.text)
                             00015072                 : ll_sleep.o (.text)
                             000151b6                 : ll_sleep.o (.text)
                             000151ca                 : ll_sleep.o (.text)
LL_RX_bm_alloc            $Tramp$TT$L$PI$$LL_RX_bm_alloc
   1000556d     0001bf98     0000dbc4   CC2650Stack.a : ll_common_PATCH.o (.text)
                             00016aa6                 : ble_PATCH.o (.text)
                             00017d6e                 : ll_isr.o (.text)
HCI_HardwareErrorEvent    $Tramp$TT$L$PI$$HCI_HardwareErrorEvent
   10008bf5     0001bfa0     0000daf8   CC2650Stack.a : ll_common_PATCH.o (.text)
                             0000dc00                 : ll_common_PATCH.o (.text)
                             0000e072                 : ll_common_PATCH.o (.text)
                             0000e512                 : ll_PATCH.o (.text)
                             0000e996                 : ll_PATCH.o (.text)
HCI_bm_alloc              $Tramp$TT$L$PI$$HCI_bm_alloc
   100094a1     0001bfa8     0000daec   CC2650Stack.a : ll_common_PATCH.o (.text)
                             0001104a                 : l2cap_util.o (.text)
llWriteTxData             $Tramp$TT$L$PI$$llWriteTxData
   100087c9     0001bfb0     0000dad6   CC2650Stack.a : ll_common_PATCH.o (.text)
                             0000e9a6                 : ll_PATCH.o (.text)
llGetCurrentTime          $Tramp$TT$L$PI$$llGetCurrentTime
   1000d8c1     0001bfb8     0000d896   CC2650Stack.a : ll_common_PATCH.o (.text)
                             0000dc54                 : ll_common_PATCH.o (.text)
                             0000e3cc                 : ll_PATCH.o (.text)
                             0000e3d2                 : ll_PATCH.o (.text)
                             0000efaa                 : ll_PATCH.o (.text)
                             00014cfa                 : ll_sleep.o (.text)
                             00014f06                 : ll_sleep.o (.text)
                             00015080                 : ll_sleep.o (.text)
                             00015106                 : ll_sleep.o (.text)
llConvertCtrlProcTimeoutToEvent  $Tramp$TT$L$PI$$llConvertCtrlProcTimeoutToEvent
   10008741     0001bfc0     0000d7c0   CC2650Stack.a : ll_common_PATCH.o (.text)
                             00011df4                 : ll_slaveEndCauses_PATCH.o (.text)
                             00018028                 : ll_advEndCauses_PATCH.o (.text)
llConvertLstoToEvent      $Tramp$TT$L$PI$$llConvertLstoToEvent
   10008721     0001bfc8     0000d768   CC2650Stack.a : ll_common_PATCH.o (.text)
                             00011d96                 : ll_slaveEndCauses_PATCH.o (.text)
                             0001801e                 : ll_advEndCauses_PATCH.o (.text)
llTimeDelta               $Tramp$TT$L$PI$$llTimeDelta
   1000d8f5     0001bfd0     0000d6e0   CC2650Stack.a : ll_common_PATCH.o (.text)
                             0000dc96                 : ll_common_PATCH.o (.text)
                             00014f0c                 : ll_sleep.o (.text)
                             00015088                 : ll_sleep.o (.text)
llTimeCompare             $Tramp$TT$L$PI$$llTimeCompare
   1000d8c9     0001bfd8     0000d67e   CC2650Stack.a : ll_common_PATCH.o (.text)
                             0000d6d0                 : ll_common_PATCH.o (.text)
                             0000d724                 : ll_common_PATCH.o (.text)
                             0000da46                 : ll_common_PATCH.o (.text)
                             0000dc78                 : ll_common_PATCH.o (.text)
llFreeTask                $Tramp$TT$L$PI$$llFreeTask
   1000abed     0001bfe0     0000d5b8   CC2650Stack.a : ll_common_PATCH.o (.text)
                             0000f010                 : ll_PATCH.o (.text)
                             00017f1c                 : ll_advEndCauses_PATCH.o (.text)
llReleaseConnId           $Tramp$TT$L$PI$$llReleaseConnId
   10008429     0001bfe8     0000d5b2   CC2650Stack.a : ll_common_PATCH.o (.text)
LL_ENC_Encrypt            $Tramp$TT$L$PI$$LL_ENC_Encrypt
   1000b965     0001bff0     0000d2f2   CC2650Stack.a : ll_common_PATCH.o (.text)
                             0000e06c                 : ll_common_PATCH.o (.text)
LL_TX_bm_alloc            $Tramp$TT$L$PI$$LL_TX_bm_alloc
   10005549     0001bff8     0000d1f4   CC2650Stack.a : ll_common_PATCH.o (.text)
                             0000d23e                 : ll_common_PATCH.o (.text)
                             0000d296                 : ll_common_PATCH.o (.text)
                             0000d2cc                 : ll_common_PATCH.o (.text)
                             0000d322                 : ll_common_PATCH.o (.text)
                             0000d364                 : ll_common_PATCH.o (.text)
                             0000d416                 : ll_common_PATCH.o (.text)
                             0000e006                 : ll_common_PATCH.o (.text)
llEventDelta              $Tramp$TT$L$PI$$llEventDelta
   10008719     0001c000     0000d096   CC2650Stack.a : ll_common_PATCH.o (.text)
                             0000d6fc                 : ll_common_PATCH.o (.text)
                             0000d87a                 : ll_common_PATCH.o (.text)
                             0000dec4                 : ll_common_PATCH.o (.text)
                             00011d64                 : ll_slaveEndCauses_PATCH.o (.text)
                             00011db0                 : ll_slaveEndCauses_PATCH.o (.text)

[116 trampolines]
[224 trampoline calls]


GLOBAL SYMBOLS: SORTED ALPHABETICALLY BY Name 

address   name                                  
-------   ----                                  
10014c00  A1_rw                                 
10005000  A1_rw_1                               
10019ffe  A2_rw                                 
1000dffe  A2_rw_1                               
10019ffc  A3_rw                                 
1000dffc  A3_rw_1                               
20004f2c  A4_rw                                 
200048e8  A4_rw_1                               
20004f7c  ACCX                                  
20004f80  ACCY                                  
20004f84  ACCZ                                  
10015229  ATOMICPATTERN                         
0001602f  ATT_BuildErrorRsp                     
0001605f  ATT_BuildExchangeMTUReq               
0001606b  ATT_BuildExchangeMTURsp               
0001637f  ATT_BuildExecuteWriteReq              
000160f7  ATT_BuildFindByTypeValueReq           
00016153  ATT_BuildFindByTypeValueRsp           
00016091  ATT_BuildFindInfoReq                  
0001609d  ATT_BuildFindInfoRsp                  
000163a3  ATT_BuildHandleValueInd               
00016305  ATT_BuildPrepareWriteReq              
0001632f  ATT_BuildPrepareWriteRsp              
00016253  ATT_BuildReadBlobReq                  
00016291  ATT_BuildReadBlobRsp                  
000162c9  ATT_BuildReadByGrpTypeRsp             
0001616d  ATT_BuildReadByTypeReq                
000161d9  ATT_BuildReadByTypeRsp                
000162a3  ATT_BuildReadMultiReq                 
000162c3  ATT_BuildReadMultiRsp                 
000161fb  ATT_BuildReadReq                      
00016217  ATT_BuildReadRsp                      
00016247  ATT_BuildWriteReq                     
00016471  ATT_CompareUUID                       
000164c1  ATT_ConvertUUIDto128                  
000164e9  ATT_ConvertUUIDto16                   
0001aa67  ATT_ErrorRsp                          
0001aa79  ATT_ExchangeMTURsp                    
0001abab  ATT_ExecuteWriteRsp                   
0001aac1  ATT_FindByTypeValueRsp                
0001aa91  ATT_FindInfoRsp                       
00016551  ATT_GetMTU                            
00016571  ATT_GetParamValue                     
0001abcd  ATT_HandleValueInd                    
0001abb7  ATT_HandleValueNoti                   
00016041  ATT_ParseErrorRsp                     
00016061  ATT_ParseExchangeMTUReq               
0001607b  ATT_ParseExchangeMTURsp               
00016387  ATT_ParseExecuteWriteReq              
00016399  ATT_ParseExecuteWriteRsp              
00016111  ATT_ParseFindByTypeValueReq           
0001615b  ATT_ParseFindByTypeValueRsp           
00016093  ATT_ParseFindInfoReq                  
000160b5  ATT_ParseFindInfoRsp                  
000163e3  ATT_ParseHandleValueCfm               
000163b7  ATT_ParseHandleValueInd               
00015fd5  ATT_ParsePacket                       
00016307  ATT_ParsePrepareWriteReq              
0001634d  ATT_ParsePrepareWriteRsp              
0001626d  ATT_ParseReadBlobReq                  
00016295  ATT_ParseReadBlobRsp                  
000162db  ATT_ParseReadByGrpTypeRsp             
0001619d  ATT_ParseReadByTypeReq                
000161db  ATT_ParseReadByTypeRsp                
000162ab  ATT_ParseReadMultiReq                 
000162c7  ATT_ParseReadMultiRsp                 
000161fd  ATT_ParseReadReq                      
0001621b  ATT_ParseReadRsp                      
0001621d  ATT_ParseWriteReq                     
00016249  ATT_ParseWriteRsp                     
0001ab91  ATT_PrepareWriteRsp                   
0001ab29  ATT_ReadBlobRsp                       
0001ab63  ATT_ReadByGrpTypeRsp                  
0001aae1  ATT_ReadByTypeRsp                     
0001ab45  ATT_ReadMultiRsp                      
0001ab0d  ATT_ReadRsp                           
0001aa61  ATT_RegisterServer                    
0001656f  ATT_SetParamValue                     
00016527  ATT_UpdateMTU                         
0001ab85  ATT_WriteRsp                          
10016c29  AddRoundKeySubBytes_Sw                
10018a19  AesCcm_authEncrypt_Sw                 
10018a35  AesCcm_decryptAuth_Sw                 
10018b09  AesCcm_getNumBlocks_Sw                
10018ac5  Aes_decrypt_Sw                        
10018a99  Aes_encrypt_Sw                        
20004f2c  COMMON_RAM_BASE_ADDR                  
10014c01  COMMON_ROM_BASE_ADDR                  
10015a6d  COPY                                  
0001bb79  CommonROM_Init                        
10017959  ECC_allocWorkzone                     
10017dbd  ECC_keyGen                            
10017961  ECC_setWin                            
10017ded  ECDH_commonKey                        
10017969  ECDSA_sign                            
10017b01  ECDSA_verif                           
10015a11  EXPORTOPERAND                         
20004f78  EXPW                                  
20004f6c  EXPX                                  
20004f70  EXPY                                  
20004f74  EXPZ                                  
10016f58  FFMult2                               
10017058  FFMult3                               
10016d05  FFMult_Sw                             
10018d6c  Fill1                                 
1000d9ec  Fill1_1                               
00012e1b  GAP_Authenticate                      
00012f51  GAP_Bond                              
0001963d  GAP_ConfigDeviceAddr                  
0001bb39  GAP_DeviceInit                        
00015a4d  GAP_EndDiscoverable                   
00015afd  GAP_GetAdvToken                       
000195c5  GAP_GetParamValue                     
0001a1a7  GAP_Init                              
00015939  GAP_MakeDiscoverable                  
0001a283  GAP_NumActiveConnections              
000195d7  GAP_ParamsInit                        
00012f05  GAP_PasscodeUpdate                    
00012ed3  GAP_PasskeyUpdate                     
0001aefd  GAP_PeriConnRegister                  
00015b41  GAP_PeriDevMgrInit                    
0001a1bd  GAP_ProcessEvent                      
0001a1a1  GAP_RegisterForMsgs                   
00015b19  GAP_RemoveAdvToken                    
0001b605  GAP_ResolvePrivateAddr                
000195ff  GAP_SecParamsInit                     
0001aec5  GAP_SendSlaveSecurityRequest          
00015a99  GAP_SetAdvToken                       
000195a9  GAP_SetParamValue                     
00012dd3  GAP_Signable                          
00012eb5  GAP_TerminateAuth                     
00012ce9  GAP_TerminateLinkReq                  
00015b2d  GAP_UpdateAdvTokens                   
000159df  GAP_UpdateAdvertisingData             
00012d63  GAP_UpdateLinkParamReq                
0000f3ad  GATTServApp_AddService                
0000f3d1  GATTServApp_DelService                
0000f255  GATTServApp_DeregisterService         
000100ab  GATTServApp_GetParamValue             
0000f2f7  GATTServApp_GetParameter              
0000f155  GATTServApp_Init                      
0001b287  GATTServApp_InitCharCfg               
0001b23b  GATTServApp_ProcessCCCWriteReq        
0000f1c3  GATTServApp_ProcessEvent              
0000fe2d  GATTServApp_ReadAttr                  
0001b203  GATTServApp_ReadCharCfg               
0000f14d  GATTServApp_RegisterForMsg            
0000f201  GATTServApp_RegisterService           
00010149  GATTServApp_SendCCCUpdatedEvent       
000100cd  GATTServApp_SendServiceChangedInd     
000100a9  GATTServApp_SetParamValue             
0000f297  GATTServApp_SetParameter              
200047f8  GATTServApp_TaskID                    
000100af  GATTServApp_UpdateCharCfg             
00010021  GATTServApp_WriteAttr                 
0001b213  GATTServApp_WriteCharCfg              
00019c2f  GATT_AppCompletedMsg                  
00011163  GATT_DeregisterService                
00011301  GATT_FindHandle                       
000112a5  GATT_FindHandleUUID                   
00011349  GATT_FindNextAttr                     
0001ac4d  GATT_FindUUIDRec                      
00011a29  GATT_GetNextHandle                    
0001149d  GATT_Indication                       
00019c57  GATT_Init                             
00011065  GATT_InitServer                       
000114f7  GATT_Notification                     
00019dc1  GATT_NotifyEvent                      
00019c75  GATT_ProcessEvent                     
00019c1d  GATT_RegisterForMsgs                  
000111a3  GATT_RegisterForReq                   
000110cb  GATT_RegisterService                  
000113e9  GATT_SendRsp                          
00011233  GATT_ServiceChangedInd                
000113d9  GATT_ServiceEncKeySize                
000113cd  GATT_ServiceNumAttrs                  
00019c23  GATT_SetHostToAppFlowCtrl             
00011a27  GATT_SetNextHandle                    
00019dd5  GATT_UpdateMTU                        
000111ab  GATT_VerifyReadPermissions            
000111e1  GATT_VerifyWritePermissions           
00019e81  GATT_bm_alloc                         
00019ef9  GATT_bm_free                          
10015141  GETBIT                                
10015155  GETDIGIT                              
100151a5  GETDIGITL2R                           
000199c5  GGS_AddService                        
000199dd  GGS_DelService                        
000199c1  GGS_GetParamValue                     
00019989  GGS_GetParameter                      
000199f1  GGS_RegisterAppCBs                    
000199bf  GGS_SetParamValue                     
00019909  GGS_SetParameter                      
10008add  HCI_CommandCompleteEvent              
10008ba1  HCI_CommandStatusEvent                
10008a2d  HCI_DataBufferOverflowEvent           
10009525  HCI_DisconnectCmd                     
1000a0f1  HCI_EXT_AdvEventNoticeCmd             
1000a109  HCI_EXT_BuildRevisionCmd              
10009d79  HCI_EXT_ClkDivOnHaltCmd               
00019145  HCI_EXT_ConnEventNoticeCmd            
10009dad  HCI_EXT_DeclareNvUsageCmd             
10009dd1  HCI_EXT_DecryptCmd                    
00019121  HCI_EXT_DelaySleepCmd                 
1000a011  HCI_EXT_DisconnectImmedCmd            
10009f69  HCI_EXT_EnablePTMCmd                  
10009eed  HCI_EXT_EndModemTestCmd               
1000a095  HCI_EXT_ExtendRfRangeCmd              
00018f13  HCI_EXT_GetConnInfoCmd                
1000a0d1  HCI_EXT_HaltDuringRfCmd               
10009ff1  HCI_EXT_MapPmIoPortCmd                
10009ead  HCI_EXT_ModemHopTestTxCmd             
10009ecd  HCI_EXT_ModemTestRxCmd                
10009e8d  HCI_EXT_ModemTestTxCmd                
1000a1b5  HCI_EXT_NumComplPktsLimitCmd          
10009d45  HCI_EXT_OnePktPerEvtCmd               
1000a195  HCI_EXT_OverlappedProcessingCmd       
1000a075  HCI_EXT_PERbyChanCmd                  
1000a031  HCI_EXT_PacketErrorRateCmd            
000190f3  HCI_EXT_ResetSystemCmd                
10009fb1  HCI_EXT_SaveFreqTuneCmd               
10009f0d  HCI_EXT_SetBDADDRCmd                  
10009e4d  HCI_EXT_SetFastTxResponseTimeCmd      
10009f81  HCI_EXT_SetFreqTuneCmd                
10009e2d  HCI_EXT_SetLocalSupportedFeaturesCmd  
10009fd1  HCI_EXT_SetMaxDtmTxPowerCmd           
10009cd5  HCI_EXT_SetRxGainCmd                  
10009f49  HCI_EXT_SetSCACmd                     
10009e6d  HCI_EXT_SetSlaveLatencyOverrideCmd    
10009d09  HCI_EXT_SetTxPowerCmd                 
0001b4b7  HCI_ExtTaskRegister                   
0001b4a5  HCI_GAPTaskRegister                   
10008bf5  HCI_HardwareErrorEvent                
10009631  HCI_HostBufferSizeCmd                 
1000965d  HCI_HostNumCompletedPktCmd            
0001b431  HCI_Init                              
0001b4ab  HCI_L2CAPTaskRegister                 
10009a15  HCI_LE_AddWhiteListCmd                
100099f9  HCI_LE_ClearWhiteListCmd              
000190d1  HCI_LE_ConnUpdateCmd                  
1000999d  HCI_LE_CreateConnCancelCmd            
1000995d  HCI_LE_CreateConnCmd                  
10009af5  HCI_LE_EncryptCmd                     
10009be1  HCI_LE_LtkReqNegReplyCmd              
10009bc5  HCI_LE_LtkReqReplyCmd                 
10009b51  HCI_LE_RandCmd                        
100098f5  HCI_LE_ReadAdvChanTxPowerCmd          
00018fd3  HCI_LE_ReadBufSizeCmd                 
10009aa1  HCI_LE_ReadChannelMapCmd              
10009829  HCI_LE_ReadLocalSupportedFeaturesCmd  
0001905b  HCI_LE_ReadRemoteUsedFeaturesCmd      
10009c15  HCI_LE_ReadSupportedStatesCmd         
100099c9  HCI_LE_ReadWhiteListSizeCmd           
00019097  HCI_LE_ReceiverTestCmd                
00019033  HCI_LE_RemoteConnParamReqNegReplyCmd  
00019001  HCI_LE_RemoteConnParamReqReplyCmd     
10009a31  HCI_LE_RemoveWhiteListCmd             
100098a1  HCI_LE_SetAdvDataCmd                  
100098d9  HCI_LE_SetAdvEnableCmd                
1000986d  HCI_LE_SetAdvParamCmd                 
00019149  HCI_LE_SetEventMaskCmd                
10009a85  HCI_LE_SetHostChanClassificationCmd   
10009849  HCI_LE_SetRandomAddressCmd            
10009941  HCI_LE_SetScanEnableCmd               
10009915  HCI_LE_SetScanParamCmd                
100098bd  HCI_LE_SetScanRspDataCmd              
10009ba9  HCI_LE_StartEncyptCmd                 
10009c8d  HCI_LE_TestEndCmd                     
00019085  HCI_LE_TransmitterTestCmd             
00018865  HCI_NumOfCompletedPacketsEvent        
0001b463  HCI_ProcessEvent                      
00018f95  HCI_ReadAuthPayloadTimeoutCmd         
10009765  HCI_ReadBDADDRCmd                     
00018eff  HCI_ReadLocalSupportedCommandsCmd     
1000973d  HCI_ReadLocalSupportedFeaturesCmd     
00019181  HCI_ReadLocalVersionInfoCmd           
10009541  HCI_ReadRemoteVersionInfoCmd          
1000978d  HCI_ReadRssiCmd                       
100095d1  HCI_ReadTransmitPowerLevelCmd         
00018edd  HCI_ResetCmd                          
1000d7cd  HCI_ReverseBytes                      
0001b4b1  HCI_SMPTaskRegister                   
10008c81  HCI_SendCommandCompleteEvent          
10008c59  HCI_SendCommandStatusEvent            
10008d31  HCI_SendControllerToHostEvent         
100094e9  HCI_SendDataPkt                       
100095f5  HCI_SetControllerToHostFlowCtrlCmd    
10009571  HCI_SetEventMaskCmd                   
000190a9  HCI_SetEventMaskPage2Cmd              
0001b49f  HCI_TestAppTaskRegister               
00018ea1  HCI_ValidConnTimeParams               
00018a8b  HCI_VendorSpecifcCommandCompleteEvent 
00018fb9  HCI_WriteAuthPayloadTimeoutCmd        
100094a1  HCI_bm_alloc                          
0001ba51  HalFlashGetAddress                    
0001ba6b  HalFlashRead                          
0001ba97  HalFlashWrite                         
0001b9b9  HalTRNG_GetTRNG                       
0001b999  HalTRNG_InitTRNG                      
20004858  ICall_dispatcher                      
2000485c  ICall_enterCriticalSection            
20004860  ICall_leaveCriticalSection            
10015a35  IMPORTDATA                            
100159a9  IMPORTLENGTH                          
100159ad  IMPORTMODULUS                         
100159d1  IMPORTOPERAND                         
1001568d  INVERT                                
10016da1  InvAddRoundKey_Sw                     
10016ed5  InvMixColumns_Sw                      
10016dc9  InvRoundKey_Sw                        
10017264  InvSbox                               
10016ea1  InvShiftRows_Sw                       
10016e8d  InvSubBytes_Sw                        
100154f5  JACADD                                
0001074b  L2CAP_BuildCmdReject                  
00010907  L2CAP_BuildConnectReq                 
00010863  L2CAP_BuildInfoRsp                    
0001082f  L2CAP_BuildParamUpdateRsp             
000184c1  L2CAP_ChannelInfo                     
0001862d  L2CAP_CmdReject                       
0001864f  L2CAP_ConnParamUpdateReq              
00018667  L2CAP_ConnParamUpdateRsp              
0001854b  L2CAP_ConnectReq                      
000185a1  L2CAP_ConnectRsp                      
00018403  L2CAP_DeregisterPsm                   
000185c7  L2CAP_DisconnectReq                   
000185ed  L2CAP_FlowCtrlCredit                  
000186d5  L2CAP_GetMTU                          
00011061  L2CAP_GetParamValue                   
000186b3  L2CAP_HostNumCompletedPkts            
0001863b  L2CAP_InfoReq                         
0001705d  L2CAP_Init                            
00010909  L2CAP_ParseConnectReq                 
000109e3  L2CAP_ParseFlowCtrlCredit             
0001084b  L2CAP_ParseInfoReq                    
000107f5  L2CAP_ParseParamUpdateReq             
000170e5  L2CAP_ProcessEvent                    
0001845b  L2CAP_PsmChannels                     
0001842b  L2CAP_PsmInfo                         
0001832d  L2CAP_RegisterApp                     
000183bd  L2CAP_RegisterPsm                     
00018359  L2CAP_SendData                        
000184e1  L2CAP_SendSDU                         
000186c9  L2CAP_SetBufSize                      
00018679  L2CAP_SetControllerToHostFlowCtrl     
0001105f  L2CAP_SetParamValue                   
000186db  L2CAP_SetUserConfig                   
00011045  L2CAP_bm_alloc                        
20004fe8  LEN                                   
10005739  LL_AddWhiteListDevice                 
10008d81  LL_AdvReportCback                     
00018943  LL_AuthPayloadTimeoutExpiredCback     
10005719  LL_ClearWhiteList                     
1000678d  LL_ConnActive                         
00018775  LL_ConnParamUpdateCback               
0000ee01  LL_ConnUpdate                         
10008ead  LL_ConnectionCompleteCback            
100066c5  LL_CreateConnCancel                   
100058d5  LL_CtrlToHostFlowControl              
0000ec2d  LL_DirectTestEnd                      
10009471  LL_DirectTestEndDoneCback             
0000eb55  LL_DirectTestRxTest                   
0000ea63  LL_DirectTestTxTest                   
10005a39  LL_Disconnect                         
10009005  LL_DisconnectCback                    
1000b639  LL_ENC_AES128_Decrypt                 
1000b5f5  LL_ENC_AES128_Encrypt                 
1000b9dd  LL_ENC_Decrypt                        
1000b851  LL_ENC_DecryptMsg                     
1000b965  LL_ENC_Encrypt                        
1000b721  LL_ENC_EncryptMsg                     
1000b555  LL_ENC_GenDeviceIV                    
1000b541  LL_ENC_GenDeviceSKD                   
1000b569  LL_ENC_GenerateNonce                  
1000b50d  LL_ENC_GeneratePseudoRandNum          
1000b51d  LL_ENC_GenerateTrueRandNum            
1000b4c9  LL_ENC_Init                           
1000b58d  LL_ENC_LoadKey                        
1000b4ed  LL_ENC_ReverseBytes                   
10007025  LL_EXT_AdvEventNotice                 
0000f097  LL_EXT_BuildRevision                  
10006b7d  LL_EXT_ClkDivOnHalt                   
0000f06b  LL_EXT_ConnEventNotice                
10006b81  LL_EXT_DeclareNvUsage                 
10006b85  LL_EXT_Decrypt                        
100070a1  LL_EXT_DelaySleep                     
10006f4d  LL_EXT_DisconnectImmed                
10006dd1  LL_EXT_EndModemTest                   
1000701d  LL_EXT_ExtendRfRange                  
1000a2ad  LL_EXT_ExtendRfRangeCback             
0000e657  LL_EXT_GetConnInfo                    
10007021  LL_EXT_HaltDuringRf                   
10006f49  LL_EXT_MapPmIoPort                    
0000ecc9  LL_EXT_ModemHopTestTx                 
0000e9e1  LL_EXT_ModemTestRx                    
10006c01  LL_EXT_ModemTestTx                    
1000710d  LL_EXT_NumComplPktsLimit              
10006b59  LL_EXT_OnePacketPerEvent              
10007109  LL_EXT_OverlappedProcessing           
10006fed  LL_EXT_PERbyChan                      
10006f99  LL_EXT_PacketErrorRate                
1000a259  LL_EXT_PacketErrorRateCback           
100070d5  LL_EXT_ResetSystem                    
10006efd  LL_EXT_SaveFreqTune                   
10006e01  LL_EXT_SetBDADDR                      
10006bc5  LL_EXT_SetFastTxResponseTime          
10006ef9  LL_EXT_SetFreqTune                    
0000e869  LL_EXT_SetLocalSupportedFeatures      
0000e8d1  LL_EXT_SetMaxDtmTxPower               
10006ad9  LL_EXT_SetRxGain                      
1000a201  LL_EXT_SetRxGainCback                 
10006e85  LL_EXT_SetSCA                         
10006bdd  LL_EXT_SetSlaveLatencyOverride        
0000e899  LL_EXT_SetTxPower                     
1000a211  LL_EXT_SetTxPowerCback                
1000933d  LL_EncChangeCback                     
100093dd  LL_EncKeyRefreshCback                 
0000e7e9  LL_EncLtkNegReply                     
0000e797  LL_EncLtkReply                        
1000925d  LL_EncLtkReqCback                     
100057d5  LL_Encrypt                            
0000f05f  LL_GetNumActiveConns                  
0000e0ed  LL_Init                               
100057b9  LL_NumEmptyWlEntries                  
0001527d  LL_PM_Enter_AES                       
0001528f  LL_PM_Exit_AES                        
00014c61  LL_PM_ForceSysBusThroughRF            
00015035  LL_PM_GetRfCoreState                  
00014fc7  LL_PM_Init                            
00014c69  LL_PM_InitRadioSetupCmd               
00015157  LL_PM_PowerCycleRadio                 
00014e8b  LL_PM_PowerOffRfCore                  
00014eef  LL_PM_PowerOffRfCoreOptimize          
000151c9  LL_PM_PowerOnReq                      
00014e15  LL_PM_PowerOnRfCore                   
00014d1f  LL_PM_PowerOnRfCoreOptimize           
2000460c  LL_PM_RFCmdDoneEventCallback          
00014eb7  LL_PM_ShutdownFS                      
0001504b  LL_PM_StartRfTask                     
00015119  LL_PM_StopCurTaskTimer                
0000e43f  LL_ProcessEvent                       
10005801  LL_PseudoRand                         
1000556d  LL_RX_bm_alloc                        
100057f5  LL_Rand                               
1000a1d5  LL_RandCback                          
10006105  LL_ReadAdvChanTxPower                 
0000e701  LL_ReadAuthPayloadTimeout             
100056c9  LL_ReadBDADDR                         
100059a1  LL_ReadChanMap                        
10005879  LL_ReadLocalSupportedFeatures         
1000589d  LL_ReadLocalVersionInfo               
0000e81f  LL_ReadRemoteUsedFeatures             
000187f7  LL_ReadRemoteUsedFeaturesCompleteCback
100058e9  LL_ReadRemoteVersionInfo              
100091e1  LL_ReadRemoteVersionInfoCback         
100059d5  LL_ReadRssi                           
0000f033  LL_ReadSupportedStates                
0000e8ed  LL_ReadTxPowerLevel                   
100057a1  LL_ReadWlSize                         
000189bd  LL_RemoteConnParamReqCback            
0000edad  LL_RemoteConnParamReqNegReply         
0000ed69  LL_RemoteConnParamReqReply            
10005765  LL_RemoveWhiteListDevice              
0000e545  LL_Reset                              
0001b381  LL_RxDataCompleteCback                
0000eef9  LL_SetAdvControl                      
10005f89  LL_SetAdvData                         
10005e69  LL_SetAdvParam                        
100056e9  LL_SetRandomAddress                   
10006209  LL_SetScanControl                     
1000617d  LL_SetScanParam                       
1000612d  LL_SetScanRspData                     
10005549  LL_TX_bm_alloc                        
20004c84  LL_TaskID                             
0000e92b  LL_TxData                             
0000e723  LL_WriteAuthPayloadTimeout            
100158ac  LUTC                                  
100158dc  LUTINCI                               
100158f4  LUTJ                                  
1001588c  LUTOPCODE                             
10015894  LUTOPSIGN                             
100158c4  LUTSE                                 
1001596c  LUTSTATE                              
0001935d  MB_ClearInts                          
00019321  MB_DisableInts                        
00019393  MB_EnableHWInts                       
000192c1  MB_EnableInts                         
10018945  MB_FwDebugDump                        
00019263  MB_Init                               
10018935  MB_ReadMailboxStatus                  
1001893d  MB_RegisterIsrCback                   
000193c5  MB_SendCommand                        
00019439  MB_SendCommandSynch                   
20004fe4  MOD                                   
20004fd8  MSBMOD                                
10016c79  MixColumns_Sw                         
10018b9c  NIST256_Gx                            
10018bc0  NIST256_Gy                            
10018b54  NIST256_a                             
10018b78  NIST256_b                             
10018b0c  NIST256_p                             
10018b30  NIST256_r                             
0001bc77  NOROM_CPUcpsid                        
0001bc83  NOROM_CPUcpsie                        
0001bbcf  NOROM_FlashProgram                    
0001bbed  NOROM_FlashSectorErase                
0001b701  NOROM_IntDisable                      
0001b779  NOROM_IntEnable                       
0001bba9  NOROM_TRNGConfigure                   
0001bc23  NOROM_VIMSModeGet                     
20004720  OSAL_timeSeconds                      
0001bc4f  Onboard_rand                          
0001bc4d  Onboard_soft_reset                    
10014c04  P1_ro                                 
10005004  P1_ro_1                               
10019ffe  P1_ro_2                               
1000dffe  P1_ro_2_1                             
20004f40  P2_rw                                 
20004f40  P2_s0                                 
20004fac  P2_zi                                 
200048fc  P2_zi_1                               
0001c008  R2F_Flash_JT                          
0001c66c  R2F_Flash_JT_CommonROM                
0001c0a4  R2R_Flash_JT                          
0001c684  R2R_Flash_JT_CommonROM                
200048e8  RAM_BASE_ADDR                         
10017158  RCon                                  
10018415  RFHAL_AddTxDataEntry                  
100184f9  RFHAL_AllocDataEntry                  
100184a9  RFHAL_AllocDataEntryQueue             
10018315  RFHAL_AllocRatChan                    
100185e1  RFHAL_BuildDataEntryRingBuffer        
10018669  RFHAL_BuildLinkedBuffer               
10018551  RFHAL_BuildRingBuffer                 
10018549  RFHAL_FreeDataEntry                   
100184c5  RFHAL_FreeDataEntryQueue              
10018485  RFHAL_FreeNextTxDataEntry             
1001833d  RFHAL_FreeRatChan                     
100184cd  RFHAL_GetNextDataEntry                
100184d1  RFHAL_GetTempDataEntry                
100183b9  RFHAL_InitDataQueue                   
100182ad  RFHAL_InitRfHal                       
10018369  RFHAL_MapRatChansToInt                
100184d5  RFHAL_NextDataEntryDone               
100183c5  RFHAL_QueueRFDataEntries              
10018391  RFHAL_RegisterRatChanCallback         
10005001  ROM_BASE_ADDR                         
0001b967  ROM_Init                              
0001b931  ROM_Spinlock                          
10016b79  RoundKey_Sw                           
10015101  SAVEPOINT                             
1000d964  SCA                                   
20004f68  SCAL                                  
100150e5  SCALARMUL                             
10014ced  SCALARMUL_core                        
10015019  SCALARMUL_final                       
10014c05  SCALARMUL_init                        
10015a51  SETOPERAND                            
10015a91  SETWORD                               
10018089  SHA256_final                          
[...]
1000a211  LL_EXT_SetTxPowerCback                
1000a259  LL_EXT_PacketErrorRateCback           
1000a2ad  LL_EXT_ExtendRfRangeCback             
1000a335  llScheduler                           
1000a895  llFindStartType                       
1000a939  llFindNextSecTask                     
1000abed  llFreeTask                            
1000ac3d  llGetCurrentTask                      
1000aca9  llGetActiveTasks                      
1000ace1  llGetNumTasks                         
1000ad21  llSetupMailbox                        
1000ad6d  llSetupRfHal                          
1000adb1  llPatchCM0                            
1000adc9  llSetupRATChanCompare                 
1000ae41  llRatChanCBack_B                      
1000ae45  llRatChanCBack_C                      
1000ae49  llRatChanCBack_D                      
1000ae4d  llSetupScanDataEntryQueue             
1000ae95  llSetupInitDataEntryQueue             
1000aeb1  llSetupAdvDataEntryQueue              
1000afa1  llMoveTempTxDataEntries               
1000b009  llGetNumTxDataEntries                 
1000b4c9  LL_ENC_Init                           
1000b4ed  LL_ENC_ReverseBytes                   
1000b50d  LL_ENC_GeneratePseudoRandNum          
1000b51d  LL_ENC_GenerateTrueRandNum            
1000b541  LL_ENC_GenDeviceSKD                   
1000b555  LL_ENC_GenDeviceIV                    
1000b569  LL_ENC_GenerateNonce                  
1000b58d  LL_ENC_LoadKey                        
1000b5f5  LL_ENC_AES128_Encrypt                 
1000b639  LL_ENC_AES128_Decrypt                 
1000b721  LL_ENC_EncryptMsg                     
1000b851  LL_ENC_DecryptMsg                     
1000b965  LL_ENC_Encrypt                        
1000b9dd  LL_ENC_Decrypt                        
1000c1b5  llCheckForLstoDuringSL                
1000c87d  llDirAdv_TaskEnd                      
1000cc71  llAdv_TaskEnd                         
1000cd51  llAdv_TaskAbort                       
1000d10d  llInit_TaskEnd                        
1000d189  WL_Init                               
1000d1ad  WL_Clear                              
1000d1f5  WL_ClearEntry                         
1000d229  WL_GetSize                            
1000d23d  WL_GetNumFreeEntries                  
1000d26d  WL_FindEntry                          
1000d2d9  WL_AddEntry                           
1000d36d  WL_RemoveEntry                        
1000d3dd  WL_SetWlIgnore                        
1000d425  WL_ClearIgnoreList                    
1000d46d  llScan_TaskEnd                        
1000d4ad  llGetAdvChanPDU                       
1000d575  llProcessScanRxFIFO                   
1000d635  llValidAccessAddr                     
1000d695  llGenerateValidAccessAddr             
1000d6b1  llGtSixConsecZerosOrOnes              
1000d6e5  llEqSynchWord                         
1000d6f5  llOneBitSynchWordDiffer               
1000d709  llEqualBytes                          
1000d731  llGtTwentyFourTransitions             
1000d761  llLtTwoChangesInLastSixBits           
1000d795  llEqAlreadyValidAddr                  
1000d7cd  HCI_ReverseBytes                      
1000d8b5  llInitRAT                             
1000d8c1  llGetCurrentTime                      
1000d8c9  llTimeCompare                         
1000d8f5  llTimeDelta                           
1000d94d  llCalcScaFactor                       
1000d964  SCA                                   
1000d9b0  advChan                               
1000d9b4  advEvt2Cmd                            
1000d9c0  advEvt2State                          
1000d9e1  llTaskError                           
1000d9ec  Fill1_1                               
1000dffc  A3_rw_1                               
1000dffc  romRev                                
1000dffd  __checksum_end                        
1000dffe  A2_rw_1                               
1000dffe  P1_ro_2_1                             
1000dffe  __checksum                            
10014c00  A1_rw                                 
10014c00  __checksum_begin_CommonROM            
10014c01  COMMON_ROM_BASE_ADDR                  
10014c04  P1_ro                                 
10014c05  SCALARMUL_init                        
10014ced  SCALARMUL_core                        
10015019  SCALARMUL_final                       
100150e5  SCALARMUL                             
10015101  SAVEPOINT                             
10015141  GETBIT                                
10015155  GETDIGIT                              
100151a5  GETDIGITL2R                           
10015215  SelectReg                             
10015229  ATOMICPATTERN                         
100154f5  JACADD                                
1001568d  INVERT                                
10015821  SQUAREMULTIPLYWORD                    
1001588c  LUTOPCODE                             
10015894  LUTOPSIGN                             
100158ac  LUTC                                  
100158c4  LUTSE                                 
100158dc  LUTINCI                               
100158f4  LUTJ                                  
1001596c  LUTSTATE                              
100159a9  IMPORTLENGTH                          
100159ad  IMPORTMODULUS                         
100159d1  IMPORTOPERAND                         
10015a11  EXPORTOPERAND                         
10015a35  IMPORTDATA                            
10015a51  SETOPERAND                            
10015a6d  COPY                                  
10015a85  ZERO                                  
10015a91  SETWORD                               
10015a9d  mSET                                  
10015bcd  zSET                                  
10015bd5  mINVK                                 
10015d19  zADD                                  
10015d5d  zSUB                                  
10015de9  zMACC32                               
10015e69  zSUB32                                
10015eb5  zADD32                                
10015f0d  zMULT32                               
10015f81  mMULT                                 
10016551  mADD                                  
1001664d  mSUB                                  
10016749  mOUT                                  
10016975  ssp_KeyInit_Sw                        
10016979  sspAesEncrypt_Sw                      
10016985  sspKeyExpansion_Sw                    
10016a99  sspAesEncryptKeyExp_Sw                
10016af5  sspAesEncryptBasic_Sw                 
10016b79  RoundKey_Sw                           
10016c29  AddRoundKeySubBytes_Sw                
10016c45  ShiftRows_Sw                          
10016c79  MixColumns_Sw                         
10016d05  FFMult_Sw                             
10016d29  sspAesDecrypt_Sw                      
10016da1  InvAddRoundKey_Sw                     
10016dc9  InvRoundKey_Sw                        
10016e8d  InvSubBytes_Sw                        
10016ea1  InvShiftRows_Sw                       
10016ed5  InvMixColumns_Sw                      
10016f58  FFMult2                               
10017058  FFMult3                               
10017158  RCon                                  
10017164  Sbox                                  
10017264  InvSbox                               
10017365  SSP_CCM_Auth_Sw                       
100174fd  SSP_CCM_Encrypt_Sw                    
100175ed  SSP_CTR_Encrypt_Sw                    
1001767d  SSP_CCM_Decrypt_Sw                    
10017771  SSP_CTR_Decrypt_Sw                    
10017839  SSP_CCM_InvAuth_Sw                    
10017895  SSP_CCM_Auth_Encrypt_Sw               
100178f5  SSP_CCM_InvAuth_Decrypt_Sw            
10017959  ECC_allocWorkzone                     
10017961  ECC_setWin                            
10017969  ECDSA_sign                            
10017b01  ECDSA_verif                           
10017dbd  ECC_keyGen                            
10017ded  ECDH_commonKey                        
10017e39  SHA256_updateW                        
10017e75  SHA256_round                          
10017ef1  SHA256_nextState                      
10017f49  SHA256_saveBuffer                     
10017ffd  SHA256_init                           
10018019  SHA256_process                        
10018089  SHA256_final                          
10018129  SHA256_full                           
100182ad  RFHAL_InitRfHal                       
10018315  RFHAL_AllocRatChan                    
1001833d  RFHAL_FreeRatChan                     
10018369  RFHAL_MapRatChansToInt                
10018391  RFHAL_RegisterRatChanCallback         
100183b9  RFHAL_InitDataQueue                   
100183c5  RFHAL_QueueRFDataEntries              
10018415  RFHAL_AddTxDataEntry                  
10018485  RFHAL_FreeNextTxDataEntry             
100184a9  RFHAL_AllocDataEntryQueue             
100184c5  RFHAL_FreeDataEntryQueue              
100184cd  RFHAL_GetNextDataEntry                
100184d1  RFHAL_GetTempDataEntry                
100184d5  RFHAL_NextDataEntryDone               
100184f9  RFHAL_AllocDataEntry                  
10018549  RFHAL_FreeDataEntry                   
10018551  RFHAL_BuildRingBuffer                 
100185e1  RFHAL_BuildDataEntryRingBuffer        
10018669  RFHAL_BuildLinkedBuffer               
10018935  MB_ReadMailboxStatus                  
1001893d  MB_RegisterIsrCback                   
10018945  MB_FwDebugDump                        
10018a19  AesCcm_authEncrypt_Sw                 
10018a35  AesCcm_decryptAuth_Sw                 
10018a99  Aes_encrypt_Sw                        
10018ac5  Aes_decrypt_Sw                        
10018b09  AesCcm_getNumBlocks_Sw                
10018b0c  NIST256_p                             
10018b30  NIST256_r                             
10018b54  NIST256_a                             
10018b78  NIST256_b                             
10018b9c  NIST256_Gx                            
10018bc0  NIST256_Gy                            
10018ced  __exit                                
10018d6c  Fill1                                 
10019ffc  A3_rw                                 
10019ffd  __checksum_end_CommonROM              
10019ffe  A2_rw                                 
10019ffe  P1_ro_2                               
10019ffe  __checksum_CommonROM                  
2000445c  baseTaskID                            
20004460  cbTimers                              
2000460c  LL_PM_RFCmdDoneEventCallback          
20004616  osal_entity                           
20004618  osal_semaphore                        
2000461c  osal_qHead                            
20004620  osal_eventloop_hook                   
20004624  osal_last_timestamp                   
20004628  osal_tickperiod                       
2000462c  osal_max_msecs                        
20004660  gapAppTaskID                          
20004661  gapProfileRole                        
20004662  gapDeviceAddrMode                     
20004663  gapAutoAdvPrivateAddrChange           
20004664  gapPrivateAddrChangeTimeout           
20004698  slaveUpdateReq                        
200046a0  slaveConnHandle                       
200046a4  pEstLink                              
200046a8  pAuthLink                             
200046ac  pfnCentralConnCBs                     
200046cc  l2capUserConfig                       
200046d0  l2capTaskID                           
200046d1  l2capNumChannels                      
200046d2  l2capNumDataPkts                      
200046d3  l2capNumPSM                           
200046d4  l2capNumCoChannels                    
200046d8  l2capChannels                         
200046dc  l2capPsm                              
200046e0  llUserConfig                          
200046f0  gapTaskID                             
200046f1  gapUnwantedTaskID                     
200046f4  pfnPeripheralCBs                      
20004720  OSAL_timeSeconds                      
20004728  pwrmgr_initialized                    
2000472a  pwrmgr_attribute                      
20004730  l2capMtuSize                          
20004735  reqTaskId                             
20004736  gattAppTaskID                         
20004737  appTaskID                             
2000473c  bleDispatch_TaskID                    
2000473d  rspBuf                                
20004778  linkDBNumConns                        
200047b0  l2capFixedChannels                    
200047f8  GATTServApp_TaskID                    
20004808  maxPduSize                            
20004809  rfFeModeBias                          
2000480c  advInfoExt                            
20004810  maxQueuedPdu                          
20004814  llConnectionExt                       
20004818  activeConns                           
2000481c  SysBootMsg                            
20004820  sclkSrc                               
2000483c  pBleEvtMask                           
20004844  pHciEvtMask2                          
2000484c  pPairingParams                        
20004850  pfnResponderCBs                       
20004858  ICall_dispatcher                      
2000485c  ICall_enterCriticalSection            
20004860  ICall_leaveCriticalSection            
2000486c  timerHead                             
20004880  linkCmd                               
20004884  linkParam                             
20004888  pGapAdvertState                       
2000488c  pGapDiscReq                           
20004890  pfnPeripheralConnCBs                  
20004898  serverInfoTbl                         
200048a8  tasksEvents                           
200048ae  gattNumConns                          
200048af  gattTaskID                            
200048b5  nextConnId                            
200048b7  smTaskID                              
200048b8  hciTaskID                             
200048b9  hciL2capTaskID                        
200048ba  hciGapTaskID                          
200048bb  hciSmpTaskID                          
200048bc  hciTestTaskID                         
200048bd  hciExtTaskID                          
200048e8  A4_rw_1                               
200048e8  RAM_BASE_ADDR                         
200048fc  P2_zi_1                               
200048fc  scanDataEntry                         
200049dc  scanDataQueue                         
200049ec  advInfo                               
20004a8c  wlTable                               
20004b10  wlTableScan                           
20004b94  initDataEntry                         
20004bcc  initDataQueue                         
20004bdc  advDataEntry                          
20004c14  advDataQueue                          
20004c24  advCmd                                
20004c6c  ownPublicAddr                         
20004c74  ownRandomAddr                         
20004c7c  ownSavedPublicAddr                    
20004c84  LL_TaskID                             
20004c85  maxTxPwrForDTM                        
20004c86  onePktPerEvt                          
20004c87  numComplPktsLimit                     
20004c88  numComplPktsFlush                     
20004c89  slOverride                            
20004c8a  rxFifoFlowCtrl                        
20004c8b  numTxDataBufs                         
20004c8c  verInfo                               
20004c94  rfCfgAdiVal                           
20004c96  sleepDelay                            
20004c98  buildInfo                             
20004c9c  peerInfo                              
20004ca8  chanMapUpdate                         
20004cb0  llConns                               
20004cb8  llState                               
20004cb9  curTxPowerVal                         
20004cba  numComplPkts                          
20004cbb  fastTxRespTime                        
20004cbc  maxNumConns                           
20004cbe  postRfOperations                      
20004cc0  rssiCorrection                        
20004cc4  taskEndAction                         
20004cf0  initParam                             
20004d14  scanParam                             
20004d38  slvParam                              
20004d58  advParam                              
20004d78  txModemTestCmd                        
20004d94  scanInfo                              
20004db0  initCmd                               
20004dc8  connReqData                           
20004de0  slvCmd                                
20004df8  scanCmd                               
20004e10  scanOutput                            
20004e28  trxTestCmd                            
20004e40  rxModemTestCmd                        
20004e58  initInfo                              
20004e70  connOutput                            
20004e84  rxTestParam                           
20004e98  advOutput                             
20004ea8  txTestParam                           
20004eb8  initOutput                            
20004ec4  rxTestOut                             
20004ed0  deviceFeatureSet                      
20004edc  dtmInfo                               
20004ee8  cachedTRNGdata                        
20004ef4  llTaskList                            
20004f00  pHciEvtMask                           
20004f08  bleEvtMask                            
20004f0a  taskEndStatus                         
20004f0c  rxDataQ                               
20004f10  rxRingBuf                             
20004f14  mstCmd                                
20004f18  mstParam                              
20004f1c  txDataQ                               
20004f20  txTestOut                             
20004f24  ctrlToHostEnable                      
20004f26  numHostBufs                           
20004f28  hciPTMenabled                         
20004f2c  A4_rw                                 
20004f2c  COMMON_RAM_BASE_ADDR                  
20004f40  P2_rw                                 
20004f40  P2_s0                                 
20004f40  win                                   
20004f44  workzone                              
20004f48  data_p                                
20004f4c  data_r                                
20004f50  data_a                                
20004f54  inScalar                              
20004f58  inPointX                              
20004f5c  inPointY                              
20004f60  outPointX                             
20004f64  outPointY                             
20004f68  SCAL                                  
20004f6c  EXPX                                  
20004f70  EXPY                                  
20004f74  EXPZ                                  
20004f78  EXPW                                  
20004f7c  ACCX                                  
20004f80  ACCY                                  
20004f84  ACCZ                                  
20004f88  TMP1                                  
20004f8c  TMP2                                  
20004f90  TMP3                                  
20004f94  TMP4                                  
20004f98  TMP5                                  
20004f9c  TMP6                                  
20004fa0  data_Gx                               
20004fa4  data_Gy                               
20004fa8  data_b                                
20004fac  P2_zi                                 
20004fac  ratChanInfo                           
20004fcc  fwInfoCmd                             
20004fd8  MSBMOD                                
20004fdc  aux64                                 
20004fe4  MOD                                   
20004fe8  LEN                                   
20004fec  mbIntCbackTable                       
20004ffc  pSspAesEncrypt_Sw                     
ffffffff  __binit__                             
ffffffff  __c_args__                            
ffffffff  binit                                 
UNDEFED   SHT$$INIT_ARRAY$$Base                 
UNDEFED   SHT$$INIT_ARRAY$$Limit                

[1229 symbols]
